Archive member included to satisfy reference by file (symbol)

d:/softwares/atml studio/7.0/toolchain/avr8/avr8-gnu-toolchain/bin/../lib/gcc/avr/5.4.0/../../../../avr/lib/avr5\libm.a(addsf3.o)
                              LCD.o (__subsf3)
d:/softwares/atml studio/7.0/toolchain/avr8/avr8-gnu-toolchain/bin/../lib/gcc/avr/5.4.0/../../../../avr/lib/avr5\libm.a(addsf3x.o)
                              d:/softwares/atml studio/7.0/toolchain/avr8/avr8-gnu-toolchain/bin/../lib/gcc/avr/5.4.0/../../../../avr/lib/avr5\libm.a(addsf3.o) (__addsf3x)
d:/softwares/atml studio/7.0/toolchain/avr8/avr8-gnu-toolchain/bin/../lib/gcc/avr/5.4.0/../../../../avr/lib/avr5\libm.a(fixunssfsi.o)
                              LCD.o (__fixunssfsi)
d:/softwares/atml studio/7.0/toolchain/avr8/avr8-gnu-toolchain/bin/../lib/gcc/avr/5.4.0/../../../../avr/lib/avr5\libm.a(floatsisf.o)
                              LCD.o (__floatunsisf)
d:/softwares/atml studio/7.0/toolchain/avr8/avr8-gnu-toolchain/bin/../lib/gcc/avr/5.4.0/../../../../avr/lib/avr5\libm.a(fp_inf.o)
                              d:/softwares/atml studio/7.0/toolchain/avr8/avr8-gnu-toolchain/bin/../lib/gcc/avr/5.4.0/../../../../avr/lib/avr5\libm.a(addsf3x.o) (__fp_inf)
d:/softwares/atml studio/7.0/toolchain/avr8/avr8-gnu-toolchain/bin/../lib/gcc/avr/5.4.0/../../../../avr/lib/avr5\libm.a(fp_nan.o)
                              d:/softwares/atml studio/7.0/toolchain/avr8/avr8-gnu-toolchain/bin/../lib/gcc/avr/5.4.0/../../../../avr/lib/avr5\libm.a(addsf3x.o) (__fp_nan)
d:/softwares/atml studio/7.0/toolchain/avr8/avr8-gnu-toolchain/bin/../lib/gcc/avr/5.4.0/../../../../avr/lib/avr5\libm.a(fp_pscA.o)
                              d:/softwares/atml studio/7.0/toolchain/avr8/avr8-gnu-toolchain/bin/../lib/gcc/avr/5.4.0/../../../../avr/lib/avr5\libm.a(addsf3x.o) (__fp_pscA)
d:/softwares/atml studio/7.0/toolchain/avr8/avr8-gnu-toolchain/bin/../lib/gcc/avr/5.4.0/../../../../avr/lib/avr5\libm.a(fp_pscB.o)
                              d:/softwares/atml studio/7.0/toolchain/avr8/avr8-gnu-toolchain/bin/../lib/gcc/avr/5.4.0/../../../../avr/lib/avr5\libm.a(addsf3x.o) (__fp_pscB)
d:/softwares/atml studio/7.0/toolchain/avr8/avr8-gnu-toolchain/bin/../lib/gcc/avr/5.4.0/../../../../avr/lib/avr5\libm.a(fp_round.o)
                              d:/softwares/atml studio/7.0/toolchain/avr8/avr8-gnu-toolchain/bin/../lib/gcc/avr/5.4.0/../../../../avr/lib/avr5\libm.a(addsf3.o) (__fp_round)
d:/softwares/atml studio/7.0/toolchain/avr8/avr8-gnu-toolchain/bin/../lib/gcc/avr/5.4.0/../../../../avr/lib/avr5\libm.a(fp_split3.o)
                              d:/softwares/atml studio/7.0/toolchain/avr8/avr8-gnu-toolchain/bin/../lib/gcc/avr/5.4.0/../../../../avr/lib/avr5\libm.a(addsf3x.o) (__fp_split3)
d:/softwares/atml studio/7.0/toolchain/avr8/avr8-gnu-toolchain/bin/../lib/gcc/avr/5.4.0/../../../../avr/lib/avr5\libm.a(fp_zero.o)
                              d:/softwares/atml studio/7.0/toolchain/avr8/avr8-gnu-toolchain/bin/../lib/gcc/avr/5.4.0/../../../../avr/lib/avr5\libm.a(addsf3x.o) (__fp_zero)
d:/softwares/atml studio/7.0/toolchain/avr8/avr8-gnu-toolchain/bin/../lib/gcc/avr/5.4.0/../../../../avr/lib/avr5\libm.a(mulsf3.o)
                              LCD.o (__mulsf3)
d:/softwares/atml studio/7.0/toolchain/avr8/avr8-gnu-toolchain/bin/../lib/gcc/avr/5.4.0/../../../../avr/lib/avr5\libm.a(mulsf3x.o)
                              d:/softwares/atml studio/7.0/toolchain/avr8/avr8-gnu-toolchain/bin/../lib/gcc/avr/5.4.0/../../../../avr/lib/avr5\libm.a(mulsf3.o) (__mulsf3x)
d:/softwares/atml studio/7.0/toolchain/avr8/avr8-gnu-toolchain/bin/../lib/gcc/avr/5.4.0/avr5\libgcc.a(_divmodhi4.o)
                              LCD.o (__divmodhi4)
d:/softwares/atml studio/7.0/toolchain/avr8/avr8-gnu-toolchain/bin/../lib/gcc/avr/5.4.0/avr5\libgcc.a(_udivmodsi4.o)
                              LCD.o (__udivmodsi4)
d:/softwares/atml studio/7.0/toolchain/avr8/avr8-gnu-toolchain/bin/../lib/gcc/avr/5.4.0/avr5\libgcc.a(_exit.o)
                              D:/Softwares/ATML Studio/7.0/Packs/atmel/ATmega_DFP/1.2.209/gcc/dev/atmega32/avr5/crtatmega32.o (exit)
d:/softwares/atml studio/7.0/toolchain/avr8/avr8-gnu-toolchain/bin/../lib/gcc/avr/5.4.0/avr5\libgcc.a(_copy_data.o)
                              App.o (__do_copy_data)
d:/softwares/atml studio/7.0/toolchain/avr8/avr8-gnu-toolchain/bin/../lib/gcc/avr/5.4.0/avr5\libgcc.a(_clear_bss.o)
                              LCD_Apps.o (__do_clear_bss)
d:/softwares/atml studio/7.0/toolchain/avr8/avr8-gnu-toolchain/bin/../lib/gcc/avr/5.4.0/avr5\libgcc.a(_udivmodhi4.o)
                              d:/softwares/atml studio/7.0/toolchain/avr8/avr8-gnu-toolchain/bin/../lib/gcc/avr/5.4.0/avr5\libgcc.a(_divmodhi4.o) (__udivmodhi4)

Allocating common symbols
Common symbol       size              file

username            0x4               LCD_Apps.o
pass                0x4               LCD_Apps.o

Discarded input sections

 .data          0x00000000        0x0 D:/Softwares/ATML Studio/7.0/Packs/atmel/ATmega_DFP/1.2.209/gcc/dev/atmega32/avr5/crtatmega32.o
 .bss           0x00000000        0x0 D:/Softwares/ATML Studio/7.0/Packs/atmel/ATmega_DFP/1.2.209/gcc/dev/atmega32/avr5/crtatmega32.o
 .text          0x00000000        0x0 AC.o
 .data          0x00000000        0x0 AC.o
 .bss           0x00000000        0x0 AC.o
 .text          0x00000000        0x0 ADC.o
 .data          0x00000000        0x0 ADC.o
 .bss           0x00000000        0x0 ADC.o
 .text          0x00000000        0x0 App.o
 .data          0x00000000        0x0 App.o
 .bss           0x00000000        0x0 App.o
 .text          0x00000000        0x0 EEPROM.o
 .data          0x00000000        0x0 EEPROM.o
 .bss           0x00000000        0x0 EEPROM.o
 .text          0x00000000        0x0 EEPROM_Apps.o
 .data          0x00000000        0x0 EEPROM_Apps.o
 .bss           0x00000000        0x0 EEPROM_Apps.o
 .text          0x00000000        0x0 I2C_Master.o
 .data          0x00000000        0x0 I2C_Master.o
 .bss           0x00000000        0x0 I2C_Master.o
 .text.I2C_START_Transmitter_Receiver_Mode
                0x00000000       0x66 I2C_Master.o
 .text.I2C_Repeated_START_Transmitter_Receiver_Mode
                0x00000000       0x66 I2C_Master.o
 .text          0x00000000        0x0 Interrupt_Start.o
 .data          0x00000000        0x0 Interrupt_Start.o
 .bss           0x00000000        0x0 Interrupt_Start.o
 .text          0x00000000        0x0 Keypad.o
 .data          0x00000000        0x0 Keypad.o
 .bss           0x00000000        0x0 Keypad.o
 .text          0x00000000        0x0 LCD.o
 .data          0x00000000        0x0 LCD.o
 .bss           0x00000000        0x0 LCD.o
 .text.LCD_Write_Integer
                0x00000000      0x106 LCD.o
 .text.LCD_Write_Decimal
                0x00000000       0x9e LCD.o
 .text          0x00000000        0x0 LCD_Apps.o
 .data          0x00000000        0x0 LCD_Apps.o
 .bss           0x00000000        0x0 LCD_Apps.o
 COMMON         0x00000000        0x8 LCD_Apps.o
 .text          0x00000000        0x0 LED_Dimmer_Buzzer_Alarm.o
 .data          0x00000000        0x0 LED_Dimmer_Buzzer_Alarm.o
 .bss           0x00000000        0x0 LED_Dimmer_Buzzer_Alarm.o
 .text          0x00000000        0x0 main.o
 .data          0x00000000        0x0 main.o
 .bss           0x00000000        0x0 main.o
 .text          0x00000000        0x0 Sensor_ON.o
 .data          0x00000000        0x0 Sensor_ON.o
 .bss           0x00000000        0x0 Sensor_ON.o
 .text          0x00000000        0x0 Servo.o
 .data          0x00000000        0x0 Servo.o
 .bss           0x00000000        0x0 Servo.o
 .text          0x00000000        0x0 TimerFunc.o
 .data          0x00000000        0x0 TimerFunc.o
 .bss           0x00000000        0x0 TimerFunc.o
 .text          0x00000000        0x0 UART.o
 .data          0x00000000        0x0 UART.o
 .bss           0x00000000        0x0 UART.o
 .text          0x00000000        0x0 UART_Apps.o
 .data          0x00000000        0x0 UART_Apps.o
 .bss           0x00000000        0x0 UART_Apps.o
 .text          0x00000000        0x0 d:/softwares/atml studio/7.0/toolchain/avr8/avr8-gnu-toolchain/bin/../lib/gcc/avr/5.4.0/../../../../avr/lib/avr5\libm.a(addsf3.o)
 .data          0x00000000        0x0 d:/softwares/atml studio/7.0/toolchain/avr8/avr8-gnu-toolchain/bin/../lib/gcc/avr/5.4.0/../../../../avr/lib/avr5\libm.a(addsf3.o)
 .bss           0x00000000        0x0 d:/softwares/atml studio/7.0/toolchain/avr8/avr8-gnu-toolchain/bin/../lib/gcc/avr/5.4.0/../../../../avr/lib/avr5\libm.a(addsf3.o)
 .text.avr-libc.fplib
                0x00000000        0xe d:/softwares/atml studio/7.0/toolchain/avr8/avr8-gnu-toolchain/bin/../lib/gcc/avr/5.4.0/../../../../avr/lib/avr5\libm.a(addsf3.o)
 .text          0x00000000        0x0 d:/softwares/atml studio/7.0/toolchain/avr8/avr8-gnu-toolchain/bin/../lib/gcc/avr/5.4.0/../../../../avr/lib/avr5\libm.a(addsf3x.o)
 .data          0x00000000        0x0 d:/softwares/atml studio/7.0/toolchain/avr8/avr8-gnu-toolchain/bin/../lib/gcc/avr/5.4.0/../../../../avr/lib/avr5\libm.a(addsf3x.o)
 .bss           0x00000000        0x0 d:/softwares/atml studio/7.0/toolchain/avr8/avr8-gnu-toolchain/bin/../lib/gcc/avr/5.4.0/../../../../avr/lib/avr5\libm.a(addsf3x.o)
 .text.avr-libc.fplib
                0x00000000       0xcc d:/softwares/atml studio/7.0/toolchain/avr8/avr8-gnu-toolchain/bin/../lib/gcc/avr/5.4.0/../../../../avr/lib/avr5\libm.a(addsf3x.o)
 .text          0x00000000        0x0 d:/softwares/atml studio/7.0/toolchain/avr8/avr8-gnu-toolchain/bin/../lib/gcc/avr/5.4.0/../../../../avr/lib/avr5\libm.a(fixunssfsi.o)
 .data          0x00000000        0x0 d:/softwares/atml studio/7.0/toolchain/avr8/avr8-gnu-toolchain/bin/../lib/gcc/avr/5.4.0/../../../../avr/lib/avr5\libm.a(fixunssfsi.o)
 .bss           0x00000000        0x0 d:/softwares/atml studio/7.0/toolchain/avr8/avr8-gnu-toolchain/bin/../lib/gcc/avr/5.4.0/../../../../avr/lib/avr5\libm.a(fixunssfsi.o)
 .text.avr-libc.fplib
                0x00000000       0x5e d:/softwares/atml studio/7.0/toolchain/avr8/avr8-gnu-toolchain/bin/../lib/gcc/avr/5.4.0/../../../../avr/lib/avr5\libm.a(fixunssfsi.o)
 .text          0x00000000        0x0 d:/softwares/atml studio/7.0/toolchain/avr8/avr8-gnu-toolchain/bin/../lib/gcc/avr/5.4.0/../../../../avr/lib/avr5\libm.a(floatsisf.o)
 .data          0x00000000        0x0 d:/softwares/atml studio/7.0/toolchain/avr8/avr8-gnu-toolchain/bin/../lib/gcc/avr/5.4.0/../../../../avr/lib/avr5\libm.a(floatsisf.o)
 .bss           0x00000000        0x0 d:/softwares/atml studio/7.0/toolchain/avr8/avr8-gnu-toolchain/bin/../lib/gcc/avr/5.4.0/../../../../avr/lib/avr5\libm.a(floatsisf.o)
 .text.avr-libc.fplib
                0x00000000       0x7a d:/softwares/atml studio/7.0/toolchain/avr8/avr8-gnu-toolchain/bin/../lib/gcc/avr/5.4.0/../../../../avr/lib/avr5\libm.a(floatsisf.o)
 .text          0x00000000        0x0 d:/softwares/atml studio/7.0/toolchain/avr8/avr8-gnu-toolchain/bin/../lib/gcc/avr/5.4.0/../../../../avr/lib/avr5\libm.a(fp_inf.o)
 .data          0x00000000        0x0 d:/softwares/atml studio/7.0/toolchain/avr8/avr8-gnu-toolchain/bin/../lib/gcc/avr/5.4.0/../../../../avr/lib/avr5\libm.a(fp_inf.o)
 .bss           0x00000000        0x0 d:/softwares/atml studio/7.0/toolchain/avr8/avr8-gnu-toolchain/bin/../lib/gcc/avr/5.4.0/../../../../avr/lib/avr5\libm.a(fp_inf.o)
 .text.avr-libc.fplib
                0x00000000        0xc d:/softwares/atml studio/7.0/toolchain/avr8/avr8-gnu-toolchain/bin/../lib/gcc/avr/5.4.0/../../../../avr/lib/avr5\libm.a(fp_inf.o)
 .text          0x00000000        0x0 d:/softwares/atml studio/7.0/toolchain/avr8/avr8-gnu-toolchain/bin/../lib/gcc/avr/5.4.0/../../../../avr/lib/avr5\libm.a(fp_nan.o)
 .data          0x00000000        0x0 d:/softwares/atml studio/7.0/toolchain/avr8/avr8-gnu-toolchain/bin/../lib/gcc/avr/5.4.0/../../../../avr/lib/avr5\libm.a(fp_nan.o)
 .bss           0x00000000        0x0 d:/softwares/atml studio/7.0/toolchain/avr8/avr8-gnu-toolchain/bin/../lib/gcc/avr/5.4.0/../../../../avr/lib/avr5\libm.a(fp_nan.o)
 .text.avr-libc.fplib
                0x00000000        0x6 d:/softwares/atml studio/7.0/toolchain/avr8/avr8-gnu-toolchain/bin/../lib/gcc/avr/5.4.0/../../../../avr/lib/avr5\libm.a(fp_nan.o)
 .text          0x00000000        0x0 d:/softwares/atml studio/7.0/toolchain/avr8/avr8-gnu-toolchain/bin/../lib/gcc/avr/5.4.0/../../../../avr/lib/avr5\libm.a(fp_pscA.o)
 .data          0x00000000        0x0 d:/softwares/atml studio/7.0/toolchain/avr8/avr8-gnu-toolchain/bin/../lib/gcc/avr/5.4.0/../../../../avr/lib/avr5\libm.a(fp_pscA.o)
 .bss           0x00000000        0x0 d:/softwares/atml studio/7.0/toolchain/avr8/avr8-gnu-toolchain/bin/../lib/gcc/avr/5.4.0/../../../../avr/lib/avr5\libm.a(fp_pscA.o)
 .text.avr-libc.fplib
                0x00000000        0xe d:/softwares/atml studio/7.0/toolchain/avr8/avr8-gnu-toolchain/bin/../lib/gcc/avr/5.4.0/../../../../avr/lib/avr5\libm.a(fp_pscA.o)
 .text          0x00000000        0x0 d:/softwares/atml studio/7.0/toolchain/avr8/avr8-gnu-toolchain/bin/../lib/gcc/avr/5.4.0/../../../../avr/lib/avr5\libm.a(fp_pscB.o)
 .data          0x00000000        0x0 d:/softwares/atml studio/7.0/toolchain/avr8/avr8-gnu-toolchain/bin/../lib/gcc/avr/5.4.0/../../../../avr/lib/avr5\libm.a(fp_pscB.o)
 .bss           0x00000000        0x0 d:/softwares/atml studio/7.0/toolchain/avr8/avr8-gnu-toolchain/bin/../lib/gcc/avr/5.4.0/../../../../avr/lib/avr5\libm.a(fp_pscB.o)
 .text.avr-libc.fplib
                0x00000000        0xe d:/softwares/atml studio/7.0/toolchain/avr8/avr8-gnu-toolchain/bin/../lib/gcc/avr/5.4.0/../../../../avr/lib/avr5\libm.a(fp_pscB.o)
 .text          0x00000000        0x0 d:/softwares/atml studio/7.0/toolchain/avr8/avr8-gnu-toolchain/bin/../lib/gcc/avr/5.4.0/../../../../avr/lib/avr5\libm.a(fp_round.o)
 .data          0x00000000        0x0 d:/softwares/atml studio/7.0/toolchain/avr8/avr8-gnu-toolchain/bin/../lib/gcc/avr/5.4.0/../../../../avr/lib/avr5\libm.a(fp_round.o)
 .bss           0x00000000        0x0 d:/softwares/atml studio/7.0/toolchain/avr8/avr8-gnu-toolchain/bin/../lib/gcc/avr/5.4.0/../../../../avr/lib/avr5\libm.a(fp_round.o)
 .text.avr-libc.fplib
                0x00000000       0x22 d:/softwares/atml studio/7.0/toolchain/avr8/avr8-gnu-toolchain/bin/../lib/gcc/avr/5.4.0/../../../../avr/lib/avr5\libm.a(fp_round.o)
 .text          0x00000000        0x0 d:/softwares/atml studio/7.0/toolchain/avr8/avr8-gnu-toolchain/bin/../lib/gcc/avr/5.4.0/../../../../avr/lib/avr5\libm.a(fp_split3.o)
 .data          0x00000000        0x0 d:/softwares/atml studio/7.0/toolchain/avr8/avr8-gnu-toolchain/bin/../lib/gcc/avr/5.4.0/../../../../avr/lib/avr5\libm.a(fp_split3.o)
 .bss           0x00000000        0x0 d:/softwares/atml studio/7.0/toolchain/avr8/avr8-gnu-toolchain/bin/../lib/gcc/avr/5.4.0/../../../../avr/lib/avr5\libm.a(fp_split3.o)
 .text.avr-libc.fplib
                0x00000000       0x44 d:/softwares/atml studio/7.0/toolchain/avr8/avr8-gnu-toolchain/bin/../lib/gcc/avr/5.4.0/../../../../avr/lib/avr5\libm.a(fp_split3.o)
 .text          0x00000000        0x0 d:/softwares/atml studio/7.0/toolchain/avr8/avr8-gnu-toolchain/bin/../lib/gcc/avr/5.4.0/../../../../avr/lib/avr5\libm.a(fp_zero.o)
 .data          0x00000000        0x0 d:/softwares/atml studio/7.0/toolchain/avr8/avr8-gnu-toolchain/bin/../lib/gcc/avr/5.4.0/../../../../avr/lib/avr5\libm.a(fp_zero.o)
 .bss           0x00000000        0x0 d:/softwares/atml studio/7.0/toolchain/avr8/avr8-gnu-toolchain/bin/../lib/gcc/avr/5.4.0/../../../../avr/lib/avr5\libm.a(fp_zero.o)
 .text.avr-libc.fplib
                0x00000000        0xe d:/softwares/atml studio/7.0/toolchain/avr8/avr8-gnu-toolchain/bin/../lib/gcc/avr/5.4.0/../../../../avr/lib/avr5\libm.a(fp_zero.o)
 .text          0x00000000        0x0 d:/softwares/atml studio/7.0/toolchain/avr8/avr8-gnu-toolchain/bin/../lib/gcc/avr/5.4.0/../../../../avr/lib/avr5\libm.a(mulsf3.o)
 .data          0x00000000        0x0 d:/softwares/atml studio/7.0/toolchain/avr8/avr8-gnu-toolchain/bin/../lib/gcc/avr/5.4.0/../../../../avr/lib/avr5\libm.a(mulsf3.o)
 .bss           0x00000000        0x0 d:/softwares/atml studio/7.0/toolchain/avr8/avr8-gnu-toolchain/bin/../lib/gcc/avr/5.4.0/../../../../avr/lib/avr5\libm.a(mulsf3.o)
 .text.avr-libc.fplib
                0x00000000        0x8 d:/softwares/atml studio/7.0/toolchain/avr8/avr8-gnu-toolchain/bin/../lib/gcc/avr/5.4.0/../../../../avr/lib/avr5\libm.a(mulsf3.o)
 .text          0x00000000        0x0 d:/softwares/atml studio/7.0/toolchain/avr8/avr8-gnu-toolchain/bin/../lib/gcc/avr/5.4.0/../../../../avr/lib/avr5\libm.a(mulsf3x.o)
 .data          0x00000000        0x0 d:/softwares/atml studio/7.0/toolchain/avr8/avr8-gnu-toolchain/bin/../lib/gcc/avr/5.4.0/../../../../avr/lib/avr5\libm.a(mulsf3x.o)
 .bss           0x00000000        0x0 d:/softwares/atml studio/7.0/toolchain/avr8/avr8-gnu-toolchain/bin/../lib/gcc/avr/5.4.0/../../../../avr/lib/avr5\libm.a(mulsf3x.o)
 .text.avr-libc.fplib
                0x00000000       0xd2 d:/softwares/atml studio/7.0/toolchain/avr8/avr8-gnu-toolchain/bin/../lib/gcc/avr/5.4.0/../../../../avr/lib/avr5\libm.a(mulsf3x.o)
 .text          0x00000000        0x0 d:/softwares/atml studio/7.0/toolchain/avr8/avr8-gnu-toolchain/bin/../lib/gcc/avr/5.4.0/avr5\libgcc.a(_divmodhi4.o)
 .data          0x00000000        0x0 d:/softwares/atml studio/7.0/toolchain/avr8/avr8-gnu-toolchain/bin/../lib/gcc/avr/5.4.0/avr5\libgcc.a(_divmodhi4.o)
 .bss           0x00000000        0x0 d:/softwares/atml studio/7.0/toolchain/avr8/avr8-gnu-toolchain/bin/../lib/gcc/avr/5.4.0/avr5\libgcc.a(_divmodhi4.o)
 .text.libgcc.mul
                0x00000000        0x0 d:/softwares/atml studio/7.0/toolchain/avr8/avr8-gnu-toolchain/bin/../lib/gcc/avr/5.4.0/avr5\libgcc.a(_divmodhi4.o)
 .text.libgcc.div
                0x00000000       0x28 d:/softwares/atml studio/7.0/toolchain/avr8/avr8-gnu-toolchain/bin/../lib/gcc/avr/5.4.0/avr5\libgcc.a(_divmodhi4.o)
 .text.libgcc   0x00000000        0x0 d:/softwares/atml studio/7.0/toolchain/avr8/avr8-gnu-toolchain/bin/../lib/gcc/avr/5.4.0/avr5\libgcc.a(_divmodhi4.o)
 .text.libgcc.prologue
                0x00000000        0x0 d:/softwares/atml studio/7.0/toolchain/avr8/avr8-gnu-toolchain/bin/../lib/gcc/avr/5.4.0/avr5\libgcc.a(_divmodhi4.o)
 .text.libgcc.builtins
                0x00000000        0x0 d:/softwares/atml studio/7.0/toolchain/avr8/avr8-gnu-toolchain/bin/../lib/gcc/avr/5.4.0/avr5\libgcc.a(_divmodhi4.o)
 .text.libgcc.fmul
                0x00000000        0x0 d:/softwares/atml studio/7.0/toolchain/avr8/avr8-gnu-toolchain/bin/../lib/gcc/avr/5.4.0/avr5\libgcc.a(_divmodhi4.o)
 .text.libgcc.fixed
                0x00000000        0x0 d:/softwares/atml studio/7.0/toolchain/avr8/avr8-gnu-toolchain/bin/../lib/gcc/avr/5.4.0/avr5\libgcc.a(_divmodhi4.o)
 .text          0x00000000        0x0 d:/softwares/atml studio/7.0/toolchain/avr8/avr8-gnu-toolchain/bin/../lib/gcc/avr/5.4.0/avr5\libgcc.a(_udivmodsi4.o)
 .data          0x00000000        0x0 d:/softwares/atml studio/7.0/toolchain/avr8/avr8-gnu-toolchain/bin/../lib/gcc/avr/5.4.0/avr5\libgcc.a(_udivmodsi4.o)
 .bss           0x00000000        0x0 d:/softwares/atml studio/7.0/toolchain/avr8/avr8-gnu-toolchain/bin/../lib/gcc/avr/5.4.0/avr5\libgcc.a(_udivmodsi4.o)
 .text.libgcc.mul
                0x00000000        0x0 d:/softwares/atml studio/7.0/toolchain/avr8/avr8-gnu-toolchain/bin/../lib/gcc/avr/5.4.0/avr5\libgcc.a(_udivmodsi4.o)
 .text.libgcc.div
                0x00000000       0x44 d:/softwares/atml studio/7.0/toolchain/avr8/avr8-gnu-toolchain/bin/../lib/gcc/avr/5.4.0/avr5\libgcc.a(_udivmodsi4.o)
 .text.libgcc   0x00000000        0x0 d:/softwares/atml studio/7.0/toolchain/avr8/avr8-gnu-toolchain/bin/../lib/gcc/avr/5.4.0/avr5\libgcc.a(_udivmodsi4.o)
 .text.libgcc.prologue
                0x00000000        0x0 d:/softwares/atml studio/7.0/toolchain/avr8/avr8-gnu-toolchain/bin/../lib/gcc/avr/5.4.0/avr5\libgcc.a(_udivmodsi4.o)
 .text.libgcc.builtins
                0x00000000        0x0 d:/softwares/atml studio/7.0/toolchain/avr8/avr8-gnu-toolchain/bin/../lib/gcc/avr/5.4.0/avr5\libgcc.a(_udivmodsi4.o)
 .text.libgcc.fmul
                0x00000000        0x0 d:/softwares/atml studio/7.0/toolchain/avr8/avr8-gnu-toolchain/bin/../lib/gcc/avr/5.4.0/avr5\libgcc.a(_udivmodsi4.o)
 .text.libgcc.fixed
                0x00000000        0x0 d:/softwares/atml studio/7.0/toolchain/avr8/avr8-gnu-toolchain/bin/../lib/gcc/avr/5.4.0/avr5\libgcc.a(_udivmodsi4.o)
 .text          0x00000000        0x0 d:/softwares/atml studio/7.0/toolchain/avr8/avr8-gnu-toolchain/bin/../lib/gcc/avr/5.4.0/avr5\libgcc.a(_exit.o)
 .data          0x00000000        0x0 d:/softwares/atml studio/7.0/toolchain/avr8/avr8-gnu-toolchain/bin/../lib/gcc/avr/5.4.0/avr5\libgcc.a(_exit.o)
 .bss           0x00000000        0x0 d:/softwares/atml studio/7.0/toolchain/avr8/avr8-gnu-toolchain/bin/../lib/gcc/avr/5.4.0/avr5\libgcc.a(_exit.o)
 .text.libgcc.mul
                0x00000000        0x0 d:/softwares/atml studio/7.0/toolchain/avr8/avr8-gnu-toolchain/bin/../lib/gcc/avr/5.4.0/avr5\libgcc.a(_exit.o)
 .text.libgcc.div
                0x00000000        0x0 d:/softwares/atml studio/7.0/toolchain/avr8/avr8-gnu-toolchain/bin/../lib/gcc/avr/5.4.0/avr5\libgcc.a(_exit.o)
 .text.libgcc   0x00000000        0x0 d:/softwares/atml studio/7.0/toolchain/avr8/avr8-gnu-toolchain/bin/../lib/gcc/avr/5.4.0/avr5\libgcc.a(_exit.o)
 .text.libgcc.prologue
                0x00000000        0x0 d:/softwares/atml studio/7.0/toolchain/avr8/avr8-gnu-toolchain/bin/../lib/gcc/avr/5.4.0/avr5\libgcc.a(_exit.o)
 .text.libgcc.builtins
                0x00000000        0x0 d:/softwares/atml studio/7.0/toolchain/avr8/avr8-gnu-toolchain/bin/../lib/gcc/avr/5.4.0/avr5\libgcc.a(_exit.o)
 .text.libgcc.fmul
                0x00000000        0x0 d:/softwares/atml studio/7.0/toolchain/avr8/avr8-gnu-toolchain/bin/../lib/gcc/avr/5.4.0/avr5\libgcc.a(_exit.o)
 .text.libgcc.fixed
                0x00000000        0x0 d:/softwares/atml studio/7.0/toolchain/avr8/avr8-gnu-toolchain/bin/../lib/gcc/avr/5.4.0/avr5\libgcc.a(_exit.o)
 .text          0x00000000        0x0 d:/softwares/atml studio/7.0/toolchain/avr8/avr8-gnu-toolchain/bin/../lib/gcc/avr/5.4.0/avr5\libgcc.a(_copy_data.o)
 .data          0x00000000        0x0 d:/softwares/atml studio/7.0/toolchain/avr8/avr8-gnu-toolchain/bin/../lib/gcc/avr/5.4.0/avr5\libgcc.a(_copy_data.o)
 .bss           0x00000000        0x0 d:/softwares/atml studio/7.0/toolchain/avr8/avr8-gnu-toolchain/bin/../lib/gcc/avr/5.4.0/avr5\libgcc.a(_copy_data.o)
 .text.libgcc.mul
                0x00000000        0x0 d:/softwares/atml studio/7.0/toolchain/avr8/avr8-gnu-toolchain/bin/../lib/gcc/avr/5.4.0/avr5\libgcc.a(_copy_data.o)
 .text.libgcc.div
                0x00000000        0x0 d:/softwares/atml studio/7.0/toolchain/avr8/avr8-gnu-toolchain/bin/../lib/gcc/avr/5.4.0/avr5\libgcc.a(_copy_data.o)
 .text.libgcc   0x00000000        0x0 d:/softwares/atml studio/7.0/toolchain/avr8/avr8-gnu-toolchain/bin/../lib/gcc/avr/5.4.0/avr5\libgcc.a(_copy_data.o)
 .text.libgcc.prologue
                0x00000000        0x0 d:/softwares/atml studio/7.0/toolchain/avr8/avr8-gnu-toolchain/bin/../lib/gcc/avr/5.4.0/avr5\libgcc.a(_copy_data.o)
 .text.libgcc.builtins
                0x00000000        0x0 d:/softwares/atml studio/7.0/toolchain/avr8/avr8-gnu-toolchain/bin/../lib/gcc/avr/5.4.0/avr5\libgcc.a(_copy_data.o)
 .text.libgcc.fmul
                0x00000000        0x0 d:/softwares/atml studio/7.0/toolchain/avr8/avr8-gnu-toolchain/bin/../lib/gcc/avr/5.4.0/avr5\libgcc.a(_copy_data.o)
 .text.libgcc.fixed
                0x00000000        0x0 d:/softwares/atml studio/7.0/toolchain/avr8/avr8-gnu-toolchain/bin/../lib/gcc/avr/5.4.0/avr5\libgcc.a(_copy_data.o)
 .text          0x00000000        0x0 d:/softwares/atml studio/7.0/toolchain/avr8/avr8-gnu-toolchain/bin/../lib/gcc/avr/5.4.0/avr5\libgcc.a(_clear_bss.o)
 .data          0x00000000        0x0 d:/softwares/atml studio/7.0/toolchain/avr8/avr8-gnu-toolchain/bin/../lib/gcc/avr/5.4.0/avr5\libgcc.a(_clear_bss.o)
 .bss           0x00000000        0x0 d:/softwares/atml studio/7.0/toolchain/avr8/avr8-gnu-toolchain/bin/../lib/gcc/avr/5.4.0/avr5\libgcc.a(_clear_bss.o)
 .text.libgcc.mul
                0x00000000        0x0 d:/softwares/atml studio/7.0/toolchain/avr8/avr8-gnu-toolchain/bin/../lib/gcc/avr/5.4.0/avr5\libgcc.a(_clear_bss.o)
 .text.libgcc.div
                0x00000000        0x0 d:/softwares/atml studio/7.0/toolchain/avr8/avr8-gnu-toolchain/bin/../lib/gcc/avr/5.4.0/avr5\libgcc.a(_clear_bss.o)
 .text.libgcc   0x00000000        0x0 d:/softwares/atml studio/7.0/toolchain/avr8/avr8-gnu-toolchain/bin/../lib/gcc/avr/5.4.0/avr5\libgcc.a(_clear_bss.o)
 .text.libgcc.prologue
                0x00000000        0x0 d:/softwares/atml studio/7.0/toolchain/avr8/avr8-gnu-toolchain/bin/../lib/gcc/avr/5.4.0/avr5\libgcc.a(_clear_bss.o)
 .text.libgcc.builtins
                0x00000000        0x0 d:/softwares/atml studio/7.0/toolchain/avr8/avr8-gnu-toolchain/bin/../lib/gcc/avr/5.4.0/avr5\libgcc.a(_clear_bss.o)
 .text.libgcc.fmul
                0x00000000        0x0 d:/softwares/atml studio/7.0/toolchain/avr8/avr8-gnu-toolchain/bin/../lib/gcc/avr/5.4.0/avr5\libgcc.a(_clear_bss.o)
 .text.libgcc.fixed
                0x00000000        0x0 d:/softwares/atml studio/7.0/toolchain/avr8/avr8-gnu-toolchain/bin/../lib/gcc/avr/5.4.0/avr5\libgcc.a(_clear_bss.o)
 .text          0x00000000        0x0 d:/softwares/atml studio/7.0/toolchain/avr8/avr8-gnu-toolchain/bin/../lib/gcc/avr/5.4.0/avr5\libgcc.a(_udivmodhi4.o)
 .data          0x00000000        0x0 d:/softwares/atml studio/7.0/toolchain/avr8/avr8-gnu-toolchain/bin/../lib/gcc/avr/5.4.0/avr5\libgcc.a(_udivmodhi4.o)
 .bss           0x00000000        0x0 d:/softwares/atml studio/7.0/toolchain/avr8/avr8-gnu-toolchain/bin/../lib/gcc/avr/5.4.0/avr5\libgcc.a(_udivmodhi4.o)
 .text.libgcc.mul
                0x00000000        0x0 d:/softwares/atml studio/7.0/toolchain/avr8/avr8-gnu-toolchain/bin/../lib/gcc/avr/5.4.0/avr5\libgcc.a(_udivmodhi4.o)
 .text.libgcc.div
                0x00000000       0x28 d:/softwares/atml studio/7.0/toolchain/avr8/avr8-gnu-toolchain/bin/../lib/gcc/avr/5.4.0/avr5\libgcc.a(_udivmodhi4.o)
 .text.libgcc   0x00000000        0x0 d:/softwares/atml studio/7.0/toolchain/avr8/avr8-gnu-toolchain/bin/../lib/gcc/avr/5.4.0/avr5\libgcc.a(_udivmodhi4.o)
 .text.libgcc.prologue
                0x00000000        0x0 d:/softwares/atml studio/7.0/toolchain/avr8/avr8-gnu-toolchain/bin/../lib/gcc/avr/5.4.0/avr5\libgcc.a(_udivmodhi4.o)
 .text.libgcc.builtins
                0x00000000        0x0 d:/softwares/atml studio/7.0/toolchain/avr8/avr8-gnu-toolchain/bin/../lib/gcc/avr/5.4.0/avr5\libgcc.a(_udivmodhi4.o)
 .text.libgcc.fmul
                0x00000000        0x0 d:/softwares/atml studio/7.0/toolchain/avr8/avr8-gnu-toolchain/bin/../lib/gcc/avr/5.4.0/avr5\libgcc.a(_udivmodhi4.o)
 .text.libgcc.fixed
                0x00000000        0x0 d:/softwares/atml studio/7.0/toolchain/avr8/avr8-gnu-toolchain/bin/../lib/gcc/avr/5.4.0/avr5\libgcc.a(_udivmodhi4.o)

Memory Configuration

Name             Origin             Length             Attributes
text             0x00000000         0x00020000         xr
data             0x00800060         0x0000ffa0         rw !x
eeprom           0x00810000         0x00010000         rw !x
fuse             0x00820000         0x00000002         rw !x
lock             0x00830000         0x00000400         rw !x
signature        0x00840000         0x00000400         rw !x
user_signatures  0x00850000         0x00000400         rw !x
*default*        0x00000000         0xffffffff

Linker script and memory map

LOAD D:/Softwares/ATML Studio/7.0/Packs/atmel/ATmega_DFP/1.2.209/gcc/dev/atmega32/avr5/crtatmega32.o
LOAD AC.o
LOAD ADC.o
LOAD App.o
LOAD EEPROM.o
LOAD EEPROM_Apps.o
LOAD I2C_Master.o
LOAD Interrupt_Start.o
LOAD Keypad.o
LOAD LCD.o
LOAD LCD_Apps.o
LOAD LED_Dimmer_Buzzer_Alarm.o
LOAD main.o
LOAD Sensor_ON.o
LOAD Servo.o
LOAD TimerFunc.o
LOAD UART.o
LOAD UART_Apps.o
START GROUP
LOAD d:/softwares/atml studio/7.0/toolchain/avr8/avr8-gnu-toolchain/bin/../lib/gcc/avr/5.4.0/../../../../avr/lib/avr5\libm.a
END GROUP
START GROUP
LOAD d:/softwares/atml studio/7.0/toolchain/avr8/avr8-gnu-toolchain/bin/../lib/gcc/avr/5.4.0/avr5\libgcc.a
LOAD d:/softwares/atml studio/7.0/toolchain/avr8/avr8-gnu-toolchain/bin/../lib/gcc/avr/5.4.0/../../../../avr/lib/avr5\libm.a
LOAD d:/softwares/atml studio/7.0/toolchain/avr8/avr8-gnu-toolchain/bin/../lib/gcc/avr/5.4.0/../../../../avr/lib/avr5\libc.a
LOAD D:/Softwares/ATML Studio/7.0/Packs/atmel/ATmega_DFP/1.2.209/gcc/dev/atmega32/avr5\libatmega32.a
END GROUP
                0x00000000                __TEXT_REGION_ORIGIN__ = DEFINED (__TEXT_REGION_ORIGIN__)?__TEXT_REGION_ORIGIN__:0x0
                0x00800060                __DATA_REGION_ORIGIN__ = DEFINED (__DATA_REGION_ORIGIN__)?__DATA_REGION_ORIGIN__:0x800060
                0x00020000                __TEXT_REGION_LENGTH__ = DEFINED (__TEXT_REGION_LENGTH__)?__TEXT_REGION_LENGTH__:0x20000
                0x0000ffa0                __DATA_REGION_LENGTH__ = DEFINED (__DATA_REGION_LENGTH__)?__DATA_REGION_LENGTH__:0xffa0
                0x00010000                __EEPROM_REGION_LENGTH__ = DEFINED (__EEPROM_REGION_LENGTH__)?__EEPROM_REGION_LENGTH__:0x10000
                [0x00000002]                __FUSE_REGION_LENGTH__ = DEFINED (__FUSE_REGION_LENGTH__)?__FUSE_REGION_LENGTH__:0x400
                0x00000400                __LOCK_REGION_LENGTH__ = DEFINED (__LOCK_REGION_LENGTH__)?__LOCK_REGION_LENGTH__:0x400
                0x00000400                __SIGNATURE_REGION_LENGTH__ = DEFINED (__SIGNATURE_REGION_LENGTH__)?__SIGNATURE_REGION_LENGTH__:0x400
                0x00000400                __USER_SIGNATURE_REGION_LENGTH__ = DEFINED (__USER_SIGNATURE_REGION_LENGTH__)?__USER_SIGNATURE_REGION_LENGTH__:0x400

.hash
 *(.hash)

.dynsym
 *(.dynsym)

.dynstr
 *(.dynstr)

.gnu.version
 *(.gnu.version)

.gnu.version_d
 *(.gnu.version_d)

.gnu.version_r
 *(.gnu.version_r)

.rel.init
 *(.rel.init)

.rela.init
 *(.rela.init)

.rel.text
 *(.rel.text)
 *(.rel.text.*)
 *(.rel.gnu.linkonce.t*)

.rela.text
 *(.rela.text)
 *(.rela.text.*)
 *(.rela.gnu.linkonce.t*)

.rel.fini
 *(.rel.fini)

.rela.fini
 *(.rela.fini)

.rel.rodata
 *(.rel.rodata)
 *(.rel.rodata.*)
 *(.rel.gnu.linkonce.r*)

.rela.rodata
 *(.rela.rodata)
 *(.rela.rodata.*)
 *(.rela.gnu.linkonce.r*)

.rel.data
 *(.rel.data)
 *(.rel.data.*)
 *(.rel.gnu.linkonce.d*)

.rela.data
 *(.rela.data)
 *(.rela.data.*)
 *(.rela.gnu.linkonce.d*)

.rel.ctors
 *(.rel.ctors)

.rela.ctors
 *(.rela.ctors)

.rel.dtors
 *(.rel.dtors)

.rela.dtors
 *(.rela.dtors)

.rel.got
 *(.rel.got)

.rela.got
 *(.rela.got)

.rel.bss
 *(.rel.bss)

.rela.bss
 *(.rela.bss)

.rel.plt
 *(.rel.plt)

.rela.plt
 *(.rela.plt)

.text           0x00000000     0x2cac
 *(.vectors)
 .vectors       0x00000000       0x54 D:/Softwares/ATML Studio/7.0/Packs/atmel/ATmega_DFP/1.2.209/gcc/dev/atmega32/avr5/crtatmega32.o
                0x00000000                __vector_default
                0x00000000                __vectors
 *(.vectors)
 *(.progmem.gcc*)
                0x00000054                . = ALIGN (0x2)
                0x00000054                __trampolines_start = .
 *(.trampolines)
 .trampolines   0x00000054        0x0 linker stubs
 *(.trampolines*)
                0x00000054                __trampolines_end = .
 *libprintf_flt.a:*(.progmem.data)
 *libc.a:*(.progmem.data)
 *(.progmem*)
                0x00000054                . = ALIGN (0x2)
 *(.jumptables)
 *(.jumptables*)
 *(.lowtext)
 *(.lowtext*)
                0x00000054                __ctors_start = .
 *(.ctors)
                0x00000054                __ctors_end = .
                0x00000054                __dtors_start = .
 *(.dtors)
                0x00000054                __dtors_end = .
 SORT(*)(.ctors)
 SORT(*)(.dtors)
 *(.init0)
 .init0         0x00000054        0x0 D:/Softwares/ATML Studio/7.0/Packs/atmel/ATmega_DFP/1.2.209/gcc/dev/atmega32/avr5/crtatmega32.o
                0x00000054                __init
 *(.init0)
 *(.init1)
 *(.init1)
 *(.init2)
 .init2         0x00000054        0xc D:/Softwares/ATML Studio/7.0/Packs/atmel/ATmega_DFP/1.2.209/gcc/dev/atmega32/avr5/crtatmega32.o
 *(.init2)
 *(.init3)
 *(.init3)
 *(.init4)
 .init4         0x00000060       0x16 d:/softwares/atml studio/7.0/toolchain/avr8/avr8-gnu-toolchain/bin/../lib/gcc/avr/5.4.0/avr5\libgcc.a(_copy_data.o)
                0x00000060                __do_copy_data
 .init4         0x00000076       0x10 d:/softwares/atml studio/7.0/toolchain/avr8/avr8-gnu-toolchain/bin/../lib/gcc/avr/5.4.0/avr5\libgcc.a(_clear_bss.o)
                0x00000076                __do_clear_bss
 *(.init4)
 *(.init5)
 *(.init5)
 *(.init6)
 *(.init6)
 *(.init7)
 *(.init7)
 *(.init8)
 *(.init8)
 *(.init9)
 .init9         0x00000086        0x8 D:/Softwares/ATML Studio/7.0/Packs/atmel/ATmega_DFP/1.2.209/gcc/dev/atmega32/avr5/crtatmega32.o
 *(.init9)
 *(.text)
 .text          0x0000008e        0x4 D:/Softwares/ATML Studio/7.0/Packs/atmel/ATmega_DFP/1.2.209/gcc/dev/atmega32/avr5/crtatmega32.o
                0x0000008e                __vector_12
                0x0000008e                __bad_interrupt
                0x0000008e                __vector_6
                0x0000008e                __vector_3
                0x0000008e                __vector_11
                0x0000008e                __vector_13
                0x0000008e                __vector_17
                0x0000008e                __vector_19
                0x0000008e                __vector_7
                0x0000008e                __vector_5
                0x0000008e                __vector_4
                0x0000008e                __vector_9
                0x0000008e                __vector_2
                0x0000008e                __vector_15
                0x0000008e                __vector_8
                0x0000008e                __vector_14
                0x0000008e                __vector_10
                0x0000008e                __vector_16
                0x0000008e                __vector_18
                0x0000008e                __vector_20
                0x00000092                . = ALIGN (0x2)
 *(.text.*)
 .text.AC_Initialization
                0x00000092        0x8 AC.o
                0x00000092                AC_Initialization
 .text.AC_Alarm
                0x0000009a        0xc AC.o
                0x0000009a                AC_Alarm
 .text.AC_ON    0x000000a6       0x34 AC.o
                0x000000a6                AC_ON
 .text.ADC_Start
                0x000000da        0xe ADC.o
                0x000000da                ADC_Start
 .text.ADC_READ
                0x000000e8       0x1e ADC.o
                0x000000e8                ADC_READ
 .text.__vector_1
                0x00000106      0x32c App.o
                0x00000106                __vector_1
 .text.App_Initialization
                0x00000432       0x3a App.o
                0x00000432                App_Initialization
 .text.App      0x0000046c      0x454 App.o
                0x0000046c                App
 .text.EEPROM_Initialization
                0x000008c0        0x6 EEPROM.o
                0x000008c0                EEPROM_Initialization
 .text.EEPROM_writeByte
                0x000008c6       0x3a EEPROM.o
                0x000008c6                EEPROM_writeByte
 .text.EEPROM_readByte
                0x00000900       0x42 EEPROM.o
                0x00000900                EEPROM_readByte
 .text.EEPROM_writeDataStream
                0x00000942       0x60 EEPROM.o
                0x00000942                EEPROM_writeDataStream
 .text.EEPROM_readDatastream
                0x000009a2       0x68 EEPROM.o
                0x000009a2                EEPROM_readDatastream
 .text.Compare_Passwords
                0x00000a0a       0x44 EEPROM_Apps.o
                0x00000a0a                Compare_Passwords
 .text.EEPROM_Save_Main_Admin
                0x00000a4e       0x42 EEPROM_Apps.o
                0x00000a4e                EEPROM_Save_Main_Admin
 .text.EEPROM_Write_0_Counters
                0x00000a90       0xd2 EEPROM_Apps.o
                0x00000a90                EEPROM_Write_0_Counters
 .text.I2C_Initialization
                0x00000b62        0x8 I2C_Master.o
                0x00000b62                I2C_Initialization
 .text.I2C_Start
                0x00000b6a       0x3a I2C_Master.o
                0x00000b6a                I2C_Start
 .text.I2C_Repeated_Start
                0x00000ba4       0x3a I2C_Master.o
                0x00000ba4                I2C_Repeated_Start
 .text.I2C_Write
                0x00000bde       0x24 I2C_Master.o
                0x00000bde                I2C_Write
 .text.I2C_Read_Ack
                0x00000c02        0xe I2C_Master.o
                0x00000c02                I2C_Read_Ack
 .text.I2C_Read_Nack
                0x00000c10       0x16 I2C_Master.o
                0x00000c10                I2C_Read_Nack
 .text.I2C_Stop
                0x00000c26        0xc I2C_Master.o
                0x00000c26                I2C_Stop
 .text.Interrupt_Start
                0x00000c32       0x18 Interrupt_Start.o
                0x00000c32                Interrupt_Start
 .text.Keypad_Init
                0x00000c4a       0x22 Keypad.o
                0x00000c4a                Keypad_Init
 .text.Keypad_Get_Value
                0x00000c6c       0x9a Keypad.o
                0x00000c6c                Keypad_Get_Value
 .text.LCD_Send_CMD
                0x00000d06       0x52 LCD.o
                0x00000d06                LCD_Send_CMD
 .text.LCD_Init
                0x00000d58       0x78 LCD.o
                0x00000d58                LCD_Init
 .text.LCD_Write_Char
                0x00000dd0       0x52 LCD.o
                0x00000dd0                LCD_Write_Char
 .text.LCD_Write_String
                0x00000e22       0x3e LCD.o
                0x00000e22                LCD_Write_String
 .text.LCD_Set_Cursor
                0x00000e60       0x1a LCD.o
                0x00000e60                LCD_Set_Cursor
 .text.LCD_Clear_Screen
                0x00000e7a        0x8 LCD.o
                0x00000e7a                LCD_Clear_Screen
 .text.LCD_Display_LED
                0x00000e82      0x154 LCD_Apps.o
                0x00000e82                LCD_Display_LED
 .text.LCD_Welcome_Message
                0x00000fd6       0x2e LCD_Apps.o
                0x00000fd6                LCD_Welcome_Message
 .text.LCD_Rooms_Leds_Control
                0x00001004      0x2da LCD_Apps.o
                0x00001004                LCD_Rooms_Leds_Control
 .text.LCD_User_Menu
                0x000012de       0x5a LCD_Apps.o
                0x000012de                LCD_User_Menu
 .text.LCD_User_Interfacing
                0x00001338      0x27e LCD_Apps.o
                0x00001338                LCD_User_Interfacing
 .text.BUZZER_START
                0x000015b6        0x4 LED_Dimmer_Buzzer_Alarm.o
                0x000015b6                BUZZER_START
 .text.LED_START
                0x000015ba        0xe LED_Dimmer_Buzzer_Alarm.o
                0x000015ba                LED_START
 .text.LED_STAT
                0x000015c8       0x58 LED_Dimmer_Buzzer_Alarm.o
                0x000015c8                LED_STAT
 .text.Alarm_On
                0x00001620       0x3e LED_Dimmer_Buzzer_Alarm.o
                0x00001620                Alarm_On
 .text.DIMMER_Init
                0x0000165e       0x10 LED_Dimmer_Buzzer_Alarm.o
                0x0000165e                DIMMER_Init
 .text.DIMMER_CONTROL
                0x0000166e       0x30 LED_Dimmer_Buzzer_Alarm.o
                0x0000166e                DIMMER_CONTROL
 .text.main     0x0000169e       0x16 main.o
                0x0000169e                main
 .text.Sensor_ON
                0x000016b4        0x4 Sensor_ON.o
                0x000016b4                Sensor_ON
 .text.Servo_Initialization
                0x000016b8       0x24 Servo.o
                0x000016b8                Servo_Initialization
 .text.openDoor
                0x000016dc        0xa Servo.o
                0x000016dc                openDoor
 .text.closeDoor
                0x000016e6        0xa Servo.o
                0x000016e6                closeDoor
 .text.Timer    0x000016f0      0x244 TimerFunc.o
                0x000016f0                Timer
 .text.UART_Bit_Stops
                0x00001934        0x8 UART.o
                0x00001934                UART_Bit_Stops
 .text.UART_Mode_Select
                0x0000193c        0x4 UART.o
                0x0000193c                UART_Mode_Select
 .text.UART_Init
                0x00001940       0x24 UART.o
                0x00001940                UART_Init
 .text.UART_Transmit
                0x00001964        0x8 UART.o
                0x00001964                UART_Transmit
 .text.UART_Receive
                0x0000196c       0x10 UART.o
                0x0000196c                UART_Receive
 .text.UART_Send_String
                0x0000197c       0x2c UART.o
                0x0000197c                UART_Send_String
 .text.UART_Welcome_Message
                0x000019a8       0x28 UART_Apps.o
                0x000019a8                UART_Welcome_Message
 .text.UART_Mode_Choice
                0x000019d0       0xba UART_Apps.o
                0x000019d0                UART_Mode_Choice
 .text.UART_Rooms_Leds_Control
                0x00001a8a      0x25a UART_Apps.o
                0x00001a8a                UART_Rooms_Leds_Control
 .text.UART_Admin_Interfacing
                0x00001ce4      0xdee UART_Apps.o
                0x00001ce4                UART_Admin_Interfacing
 .text.UART_User_Interfacing
                0x00002ad2      0x1d6 UART_Apps.o
                0x00002ad2                UART_User_Interfacing
                0x00002ca8                . = ALIGN (0x2)
 *(.fini9)
 .fini9         0x00002ca8        0x0 d:/softwares/atml studio/7.0/toolchain/avr8/avr8-gnu-toolchain/bin/../lib/gcc/avr/5.4.0/avr5\libgcc.a(_exit.o)
                0x00002ca8                _exit
                0x00002ca8                exit
 *(.fini9)
 *(.fini8)
 *(.fini8)
 *(.fini7)
 *(.fini7)
 *(.fini6)
 *(.fini6)
 *(.fini5)
 *(.fini5)
 *(.fini4)
 *(.fini4)
 *(.fini3)
 *(.fini3)
 *(.fini2)
 *(.fini2)
 *(.fini1)
 *(.fini1)
 *(.fini0)
 .fini0         0x00002ca8        0x4 d:/softwares/atml studio/7.0/toolchain/avr8/avr8-gnu-toolchain/bin/../lib/gcc/avr/5.4.0/avr5\libgcc.a(_exit.o)
 *(.fini0)
                0x00002cac                _etext = .

.data           0x00800060      0x760 load address 0x00002cac
                0x00800060                PROVIDE (__data_start, .)
 *(.data)
 *(.data*)
 .data.arr      0x00800060       0x10 Keypad.o
                0x00800060                arr
 *(.gnu.linkonce.d*)
 *(.rodata)
 *(.rodata*)
 .rodata.str1.1
                0x00800070       0xac App.o
                                 0xb8 (size before relaxing)
 .rodata.str1.1
                0x0080011c        0x5 EEPROM_Apps.o
 .rodata.str1.1
                0x00800121      0x1a2 LCD_Apps.o
                                0x1f3 (size before relaxing)
 .rodata.str1.1
                0x008002c3      0x4fd UART_Apps.o
                                0x579 (size before relaxing)
 *(.gnu.linkonce.r*)
                0x008007c0                . = ALIGN (0x2)
                0x008007c0                _edata = .
                0x008007c0                PROVIDE (__data_end, .)

.bss            0x008007c0        0x0
                0x008007c0                PROVIDE (__bss_start, .)
 *(.bss)
 *(.bss*)
 *(COMMON)
                0x008007c0                PROVIDE (__bss_end, .)
                0x00002cac                __data_load_start = LOADADDR (.data)
                0x0000340c                __data_load_end = (__data_load_start + SIZEOF (.data))

.noinit         0x008007c0        0x0
                [!provide]                PROVIDE (__noinit_start, .)
 *(.noinit*)
                [!provide]                PROVIDE (__noinit_end, .)
                0x008007c0                _end = .
                [!provide]                PROVIDE (__heap_start, .)

.eeprom         0x00810000        0x0
 *(.eeprom*)
                0x00810000                __eeprom_end = .

.fuse
 *(.fuse)
 *(.lfuse)
 *(.hfuse)
 *(.efuse)

.lock
 *(.lock*)

.signature
 *(.signature*)

.user_signatures
 *(.user_signatures*)

.stab
 *(.stab)

.stabstr
 *(.stabstr)

.stab.excl
 *(.stab.excl)

.stab.exclstr
 *(.stab.exclstr)

.stab.index
 *(.stab.index)

.stab.indexstr
 *(.stab.indexstr)

.comment        0x00000000       0x30
 *(.comment)
 .comment       0x00000000       0x30 AC.o
                                 0x31 (size before relaxing)
 .comment       0x00000030       0x31 ADC.o
 .comment       0x00000030       0x31 App.o
 .comment       0x00000030       0x31 EEPROM.o
 .comment       0x00000030       0x31 EEPROM_Apps.o
 .comment       0x00000030       0x31 I2C_Master.o
 .comment       0x00000030       0x31 Interrupt_Start.o
 .comment       0x00000030       0x31 Keypad.o
 .comment       0x00000030       0x31 LCD.o
 .comment       0x00000030       0x31 LCD_Apps.o
 .comment       0x00000030       0x31 LED_Dimmer_Buzzer_Alarm.o
 .comment       0x00000030       0x31 main.o
 .comment       0x00000030       0x31 Sensor_ON.o
 .comment       0x00000030       0x31 Servo.o
 .comment       0x00000030       0x31 TimerFunc.o
 .comment       0x00000030       0x31 UART.o
 .comment       0x00000030       0x31 UART_Apps.o

.note.gnu.avr.deviceinfo
                0x00000000       0x3c
 .note.gnu.avr.deviceinfo
                0x00000000       0x3c D:/Softwares/ATML Studio/7.0/Packs/atmel/ATmega_DFP/1.2.209/gcc/dev/atmega32/avr5/crtatmega32.o

.note.gnu.build-id
 *(.note.gnu.build-id)

.debug
 *(.debug)

.line
 *(.line)

.debug_srcinfo
 *(.debug_srcinfo)

.debug_sfnames
 *(.debug_sfnames)

.debug_aranges  0x00000000      0x398
 *(.debug_aranges)
 .debug_aranges
                0x00000000       0x30 AC.o
 .debug_aranges
                0x00000030       0x28 ADC.o
 .debug_aranges
                0x00000058       0x30 App.o
 .debug_aranges
                0x00000088       0x40 EEPROM.o
 .debug_aranges
                0x000000c8       0x30 EEPROM_Apps.o
 .debug_aranges
                0x000000f8       0x60 I2C_Master.o
 .debug_aranges
                0x00000158       0x20 Interrupt_Start.o
 .debug_aranges
                0x00000178       0x28 Keypad.o
 .debug_aranges
                0x000001a0       0x58 LCD.o
 .debug_aranges
                0x000001f8       0x40 LCD_Apps.o
 .debug_aranges
                0x00000238       0x48 LED_Dimmer_Buzzer_Alarm.o
 .debug_aranges
                0x00000280       0x20 main.o
 .debug_aranges
                0x000002a0       0x20 Sensor_ON.o
 .debug_aranges
                0x000002c0       0x30 Servo.o
 .debug_aranges
                0x000002f0       0x20 TimerFunc.o
 .debug_aranges
                0x00000310       0x48 UART.o
 .debug_aranges
                0x00000358       0x40 UART_Apps.o

.debug_pubnames
 *(.debug_pubnames)

.debug_info     0x00000000     0x7a43
 *(.debug_info .gnu.linkonce.wi.*)
 .debug_info    0x00000000      0x4e6 D:/Softwares/ATML Studio/7.0/Packs/atmel/ATmega_DFP/1.2.209/gcc/dev/atmega32/avr5/crtatmega32.o
 .debug_info    0x000004e6       0xdf AC.o
 .debug_info    0x000005c5      0x134 ADC.o
 .debug_info    0x000006f9     0x11ca App.o
 .debug_info    0x000018c3      0x524 EEPROM.o
 .debug_info    0x00001de7      0x479 EEPROM_Apps.o
 .debug_info    0x00002260      0x217 I2C_Master.o
 .debug_info    0x00002477       0x82 Interrupt_Start.o
 .debug_info    0x000024f9      0x114 Keypad.o
 .debug_info    0x0000260d      0x6b8 LCD.o
 .debug_info    0x00002cc5     0x15d1 LCD_Apps.o
 .debug_info    0x00004296      0x1db LED_Dimmer_Buzzer_Alarm.o
 .debug_info    0x00004471       0xf0 main.o
 .debug_info    0x00004561       0x82 Sensor_ON.o
 .debug_info    0x000045e3       0xea Servo.o
 .debug_info    0x000046cd       0xc5 TimerFunc.o
 .debug_info    0x00004792      0x199 UART.o
 .debug_info    0x0000492b     0x3118 UART_Apps.o

.debug_abbrev   0x00000000     0x15a8
 *(.debug_abbrev)
 .debug_abbrev  0x00000000      0x4a3 D:/Softwares/ATML Studio/7.0/Packs/atmel/ATmega_DFP/1.2.209/gcc/dev/atmega32/avr5/crtatmega32.o
 .debug_abbrev  0x000004a3       0x93 AC.o
 .debug_abbrev  0x00000536       0xe0 ADC.o
 .debug_abbrev  0x00000616      0x1c6 App.o
 .debug_abbrev  0x000007dc      0x13e EEPROM.o
 .debug_abbrev  0x0000091a      0x168 EEPROM_Apps.o
 .debug_abbrev  0x00000a82       0xca I2C_Master.o
 .debug_abbrev  0x00000b4c       0x4f Interrupt_Start.o
 .debug_abbrev  0x00000b9b       0xb5 Keypad.o
 .debug_abbrev  0x00000c50      0x1b3 LCD.o
 .debug_abbrev  0x00000e03      0x1b2 LCD_Apps.o
 .debug_abbrev  0x00000fb5      0x152 LED_Dimmer_Buzzer_Alarm.o
 .debug_abbrev  0x00001107       0x7a main.o
 .debug_abbrev  0x00001181       0x4f Sensor_ON.o
 .debug_abbrev  0x000011d0       0x90 Servo.o
 .debug_abbrev  0x00001260       0x80 TimerFunc.o
 .debug_abbrev  0x000012e0      0x111 UART.o
 .debug_abbrev  0x000013f1      0x1b7 UART_Apps.o

.debug_line     0x00000000     0x396a
 *(.debug_line .debug_line.* .debug_line_end)
 .debug_line    0x00000000      0x115 D:/Softwares/ATML Studio/7.0/Packs/atmel/ATmega_DFP/1.2.209/gcc/dev/atmega32/avr5/crtatmega32.o
 .debug_line    0x00000115      0x11b AC.o
 .debug_line    0x00000230      0x138 ADC.o
 .debug_line    0x00000368      0x705 App.o
 .debug_line    0x00000a6d      0x234 EEPROM.o
 .debug_line    0x00000ca1      0x1fd EEPROM_Apps.o
 .debug_line    0x00000e9e      0x3b5 I2C_Master.o
 .debug_line    0x00001253       0xb7 Interrupt_Start.o
 .debug_line    0x0000130a      0x14e Keypad.o
 .debug_line    0x00001458      0x3d9 LCD.o
 .debug_line    0x00001831      0x76d LCD_Apps.o
 .debug_line    0x00001f9e      0x2bd LED_Dimmer_Buzzer_Alarm.o
 .debug_line    0x0000225b       0x84 main.o
 .debug_line    0x000022df       0x99 Sensor_ON.o
 .debug_line    0x00002378       0xe8 Servo.o
 .debug_line    0x00002460      0x2df TimerFunc.o
 .debug_line    0x0000273f      0x16f UART.o
 .debug_line    0x000028ae     0x10bc UART_Apps.o

.debug_frame    0x00000000      0x7fc
 *(.debug_frame)
 .debug_frame   0x00000000       0x44 AC.o
 .debug_frame   0x00000044       0x34 ADC.o
 .debug_frame   0x00000078      0x13c App.o
 .debug_frame   0x000001b4       0xb4 EEPROM.o
 .debug_frame   0x00000268       0x54 EEPROM_Apps.o
 .debug_frame   0x000002bc       0xa4 I2C_Master.o
 .debug_frame   0x00000360       0x24 Interrupt_Start.o
 .debug_frame   0x00000384       0x48 Keypad.o
 .debug_frame   0x000003cc      0x128 LCD.o
 .debug_frame   0x000004f4       0x80 LCD_Apps.o
 .debug_frame   0x00000574       0x74 LED_Dimmer_Buzzer_Alarm.o
 .debug_frame   0x000005e8       0x24 main.o
 .debug_frame   0x0000060c       0x24 Sensor_ON.o
 .debug_frame   0x00000630       0x44 Servo.o
 .debug_frame   0x00000674       0x24 TimerFunc.o
 .debug_frame   0x00000698       0x84 UART.o
 .debug_frame   0x0000071c       0xe0 UART_Apps.o

.debug_str      0x00000000      0xa48
 *(.debug_str)
 .debug_str     0x00000000      0x196 D:/Softwares/ATML Studio/7.0/Packs/atmel/ATmega_DFP/1.2.209/gcc/dev/atmega32/avr5/crtatmega32.o
 .debug_str     0x00000196      0x177 AC.o
                                0x1ab (size before relaxing)
 .debug_str     0x0000030d       0x70 ADC.o
                                0x1e4 (size before relaxing)
 .debug_str     0x0000037d      0x28c App.o
                                0x451 (size before relaxing)
 .debug_str     0x00000609       0xc9 EEPROM.o
                                0x2b8 (size before relaxing)
 .debug_str     0x000006d2       0x98 EEPROM_Apps.o
                                0x295 (size before relaxing)
 .debug_str     0x0000076a       0x88 I2C_Master.o
                                0x25e (size before relaxing)
 .debug_str     0x000007f2       0x17 Interrupt_Start.o
                                0x192 (size before relaxing)
 .debug_str     0x00000809        0xe Keypad.o
                                0x1aa (size before relaxing)
 .debug_str     0x00000817       0x45 LCD.o
                                0x272 (size before relaxing)
 .debug_str     0x0000085c       0xb0 LCD_Apps.o
                                0x302 (size before relaxing)
 .debug_str     0x0000090c       0x31 LED_Dimmer_Buzzer_Alarm.o
                                0x232 (size before relaxing)
 .debug_str     0x0000093d       0x26 main.o
                                0x1cb (size before relaxing)
 .debug_str     0x00000963       0x11 Sensor_ON.o
                                0x186 (size before relaxing)
 .debug_str     0x00000974       0x1f Servo.o
                                0x1af (size before relaxing)
 .debug_str     0x00000993       0x24 TimerFunc.o
                                0x19f (size before relaxing)
 .debug_str     0x000009b7       0x31 UART.o
                                0x1e7 (size before relaxing)
 .debug_str     0x000009e8       0x60 UART_Apps.o
                                0x41a (size before relaxing)

.debug_loc      0x00000000     0x4974
 *(.debug_loc)
 .debug_loc     0x00000000       0x24 AC.o
 .debug_loc     0x00000024       0x6b ADC.o
 .debug_loc     0x0000008f      0xd30 App.o
 .debug_loc     0x00000dbf      0x557 EEPROM.o
 .debug_loc     0x00001316      0x3d4 EEPROM_Apps.o
 .debug_loc     0x000016ea      0x30e I2C_Master.o
 .debug_loc     0x000019f8       0xd6 Keypad.o
 .debug_loc     0x00001ace      0x8da LCD.o
 .debug_loc     0x000023a8      0xc5c LCD_Apps.o
 .debug_loc     0x00003004       0x6c LED_Dimmer_Buzzer_Alarm.o
 .debug_loc     0x00003070      0x134 TimerFunc.o
 .debug_loc     0x000031a4       0xc7 UART.o
 .debug_loc     0x0000326b     0x1709 UART_Apps.o

.debug_macinfo
 *(.debug_macinfo)

.debug_weaknames
 *(.debug_weaknames)

.debug_funcnames
 *(.debug_funcnames)

.debug_typenames
 *(.debug_typenames)

.debug_varnames
 *(.debug_varnames)

.debug_pubtypes
 *(.debug_pubtypes)

.debug_ranges   0x00000000      0x300
 *(.debug_ranges)
 .debug_ranges  0x00000000       0x20 AC.o
 .debug_ranges  0x00000020       0x18 ADC.o
 .debug_ranges  0x00000038       0x68 App.o
 .debug_ranges  0x000000a0       0x30 EEPROM.o
 .debug_ranges  0x000000d0       0x20 EEPROM_Apps.o
 .debug_ranges  0x000000f0       0x50 I2C_Master.o
 .debug_ranges  0x00000140       0x10 Interrupt_Start.o
 .debug_ranges  0x00000150       0x18 Keypad.o
 .debug_ranges  0x00000168       0x48 LCD.o
 .debug_ranges  0x000001b0       0x30 LCD_Apps.o
 .debug_ranges  0x000001e0       0x38 LED_Dimmer_Buzzer_Alarm.o
 .debug_ranges  0x00000218       0x10 main.o
 .debug_ranges  0x00000228       0x10 Sensor_ON.o
 .debug_ranges  0x00000238       0x20 Servo.o
 .debug_ranges  0x00000258       0x10 TimerFunc.o
 .debug_ranges  0x00000268       0x38 UART.o
 .debug_ranges  0x000002a0       0x60 UART_Apps.o

.debug_macro
 *(.debug_macro)
OUTPUT(Smart_Home.elf elf32-avr)
LOAD linker stubs
