Archive member included to satisfy reference by file (symbol)

d:/softwares/atml studio/7.0/toolchain/avr8/avr8-gnu-toolchain/bin/../lib/gcc/avr/5.4.0/../../../../avr/lib/avr5\libm.a(addsf3.o)
                              LCD.o (__subsf3)
d:/softwares/atml studio/7.0/toolchain/avr8/avr8-gnu-toolchain/bin/../lib/gcc/avr/5.4.0/../../../../avr/lib/avr5\libm.a(addsf3x.o)
                              d:/softwares/atml studio/7.0/toolchain/avr8/avr8-gnu-toolchain/bin/../lib/gcc/avr/5.4.0/../../../../avr/lib/avr5\libm.a(addsf3.o) (__addsf3x)
d:/softwares/atml studio/7.0/toolchain/avr8/avr8-gnu-toolchain/bin/../lib/gcc/avr/5.4.0/../../../../avr/lib/avr5\libm.a(fixunssfsi.o)
                              LCD.o (__fixunssfsi)
d:/softwares/atml studio/7.0/toolchain/avr8/avr8-gnu-toolchain/bin/../lib/gcc/avr/5.4.0/../../../../avr/lib/avr5\libm.a(floatsisf.o)
                              LCD.o (__floatunsisf)
d:/softwares/atml studio/7.0/toolchain/avr8/avr8-gnu-toolchain/bin/../lib/gcc/avr/5.4.0/../../../../avr/lib/avr5\libm.a(fp_inf.o)
                              d:/softwares/atml studio/7.0/toolchain/avr8/avr8-gnu-toolchain/bin/../lib/gcc/avr/5.4.0/../../../../avr/lib/avr5\libm.a(addsf3x.o) (__fp_inf)
d:/softwares/atml studio/7.0/toolchain/avr8/avr8-gnu-toolchain/bin/../lib/gcc/avr/5.4.0/../../../../avr/lib/avr5\libm.a(fp_nan.o)
                              d:/softwares/atml studio/7.0/toolchain/avr8/avr8-gnu-toolchain/bin/../lib/gcc/avr/5.4.0/../../../../avr/lib/avr5\libm.a(addsf3x.o) (__fp_nan)
d:/softwares/atml studio/7.0/toolchain/avr8/avr8-gnu-toolchain/bin/../lib/gcc/avr/5.4.0/../../../../avr/lib/avr5\libm.a(fp_pscA.o)
                              d:/softwares/atml studio/7.0/toolchain/avr8/avr8-gnu-toolchain/bin/../lib/gcc/avr/5.4.0/../../../../avr/lib/avr5\libm.a(addsf3x.o) (__fp_pscA)
d:/softwares/atml studio/7.0/toolchain/avr8/avr8-gnu-toolchain/bin/../lib/gcc/avr/5.4.0/../../../../avr/lib/avr5\libm.a(fp_pscB.o)
                              d:/softwares/atml studio/7.0/toolchain/avr8/avr8-gnu-toolchain/bin/../lib/gcc/avr/5.4.0/../../../../avr/lib/avr5\libm.a(addsf3x.o) (__fp_pscB)
d:/softwares/atml studio/7.0/toolchain/avr8/avr8-gnu-toolchain/bin/../lib/gcc/avr/5.4.0/../../../../avr/lib/avr5\libm.a(fp_round.o)
                              d:/softwares/atml studio/7.0/toolchain/avr8/avr8-gnu-toolchain/bin/../lib/gcc/avr/5.4.0/../../../../avr/lib/avr5\libm.a(addsf3.o) (__fp_round)
d:/softwares/atml studio/7.0/toolchain/avr8/avr8-gnu-toolchain/bin/../lib/gcc/avr/5.4.0/../../../../avr/lib/avr5\libm.a(fp_split3.o)
                              d:/softwares/atml studio/7.0/toolchain/avr8/avr8-gnu-toolchain/bin/../lib/gcc/avr/5.4.0/../../../../avr/lib/avr5\libm.a(addsf3x.o) (__fp_split3)
d:/softwares/atml studio/7.0/toolchain/avr8/avr8-gnu-toolchain/bin/../lib/gcc/avr/5.4.0/../../../../avr/lib/avr5\libm.a(fp_zero.o)
                              d:/softwares/atml studio/7.0/toolchain/avr8/avr8-gnu-toolchain/bin/../lib/gcc/avr/5.4.0/../../../../avr/lib/avr5\libm.a(addsf3x.o) (__fp_zero)
d:/softwares/atml studio/7.0/toolchain/avr8/avr8-gnu-toolchain/bin/../lib/gcc/avr/5.4.0/../../../../avr/lib/avr5\libm.a(mulsf3.o)
                              LCD.o (__mulsf3)
d:/softwares/atml studio/7.0/toolchain/avr8/avr8-gnu-toolchain/bin/../lib/gcc/avr/5.4.0/../../../../avr/lib/avr5\libm.a(mulsf3x.o)
                              d:/softwares/atml studio/7.0/toolchain/avr8/avr8-gnu-toolchain/bin/../lib/gcc/avr/5.4.0/../../../../avr/lib/avr5\libm.a(mulsf3.o) (__mulsf3x)
d:/softwares/atml studio/7.0/toolchain/avr8/avr8-gnu-toolchain/bin/../lib/gcc/avr/5.4.0/avr5\libgcc.a(_divmodhi4.o)
                              LCD.o (__divmodhi4)
d:/softwares/atml studio/7.0/toolchain/avr8/avr8-gnu-toolchain/bin/../lib/gcc/avr/5.4.0/avr5\libgcc.a(_udivmodsi4.o)
                              LCD.o (__udivmodsi4)
d:/softwares/atml studio/7.0/toolchain/avr8/avr8-gnu-toolchain/bin/../lib/gcc/avr/5.4.0/avr5\libgcc.a(_exit.o)
                              D:/Softwares/ATML Studio/7.0/Packs/atmel/ATmega_DFP/1.2.209/gcc/dev/atmega32/avr5/crtatmega32.o (exit)
d:/softwares/atml studio/7.0/toolchain/avr8/avr8-gnu-toolchain/bin/../lib/gcc/avr/5.4.0/avr5\libgcc.a(_copy_data.o)
                              App.o (__do_copy_data)
d:/softwares/atml studio/7.0/toolchain/avr8/avr8-gnu-toolchain/bin/../lib/gcc/avr/5.4.0/avr5\libgcc.a(_clear_bss.o)
                              LCD_Apps.o (__do_clear_bss)
d:/softwares/atml studio/7.0/toolchain/avr8/avr8-gnu-toolchain/bin/../lib/gcc/avr/5.4.0/avr5\libgcc.a(_udivmodhi4.o)
                              d:/softwares/atml studio/7.0/toolchain/avr8/avr8-gnu-toolchain/bin/../lib/gcc/avr/5.4.0/avr5\libgcc.a(_divmodhi4.o) (__udivmodhi4)

Allocating common symbols
Common symbol       size              file

username            0x4               LCD_Apps.o
pass                0x4               LCD_Apps.o

Discarded input sections

 .data          0x00000000        0x0 D:/Softwares/ATML Studio/7.0/Packs/atmel/ATmega_DFP/1.2.209/gcc/dev/atmega32/avr5/crtatmega32.o
 .bss           0x00000000        0x0 D:/Softwares/ATML Studio/7.0/Packs/atmel/ATmega_DFP/1.2.209/gcc/dev/atmega32/avr5/crtatmega32.o
 .text          0x00000000        0x0 AC.o
 .data          0x00000000        0x0 AC.o
 .bss           0x00000000        0x0 AC.o
 .text          0x00000000        0x0 ADC.o
 .data          0x00000000        0x0 ADC.o
 .bss           0x00000000        0x0 ADC.o
 .text          0x00000000        0x0 App.o
 .data          0x00000000        0x0 App.o
 .bss           0x00000000        0x0 App.o
 .text          0x00000000        0x0 EEPROM.o
 .data          0x00000000        0x0 EEPROM.o
 .bss           0x00000000        0x0 EEPROM.o
 .text.EEPROM_readDatastream
                0x00000000       0x68 EEPROM.o
 .text          0x00000000        0x0 EEPROM_Apps.o
 .data          0x00000000        0x0 EEPROM_Apps.o
 .bss           0x00000000        0x0 EEPROM_Apps.o
 .text          0x00000000        0x0 I2C_Master.o
 .data          0x00000000        0x0 I2C_Master.o
 .bss           0x00000000        0x0 I2C_Master.o
 .text.I2C_Read_Ack
                0x00000000        0xe I2C_Master.o
 .text.I2C_START_Transmitter_Receiver_Mode
                0x00000000       0x66 I2C_Master.o
 .text.I2C_Repeated_START_Transmitter_Receiver_Mode
                0x00000000       0x66 I2C_Master.o
 .text          0x00000000        0x0 Interrupt_Start.o
 .data          0x00000000        0x0 Interrupt_Start.o
 .bss           0x00000000        0x0 Interrupt_Start.o
 .text          0x00000000        0x0 Keypad.o
 .data          0x00000000        0x0 Keypad.o
 .bss           0x00000000        0x0 Keypad.o
 .text          0x00000000        0x0 LCD.o
 .data          0x00000000        0x0 LCD.o
 .bss           0x00000000        0x0 LCD.o
 .text.LCD_Write_Integer
                0x00000000      0x106 LCD.o
 .text.LCD_Write_Decimal
                0x00000000       0xa0 LCD.o
 .text          0x00000000        0x0 LCD_Apps.o
 .data          0x00000000        0x0 LCD_Apps.o
 .bss           0x00000000        0x0 LCD_Apps.o
 COMMON         0x00000000        0x8 LCD_Apps.o
 .text          0x00000000        0x0 LED_Dimmer_Buzzer_Alarm.o
 .data          0x00000000        0x0 LED_Dimmer_Buzzer_Alarm.o
 .bss           0x00000000        0x0 LED_Dimmer_Buzzer_Alarm.o
 .text          0x00000000        0x0 main.o
 .data          0x00000000        0x0 main.o
 .bss           0x00000000        0x0 main.o
 .text          0x00000000        0x0 Sensor_ON.o
 .data          0x00000000        0x0 Sensor_ON.o
 .bss           0x00000000        0x0 Sensor_ON.o
 .text          0x00000000        0x0 Servo.o
 .data          0x00000000        0x0 Servo.o
 .bss           0x00000000        0x0 Servo.o
 .text          0x00000000        0x0 TimerFunc.o
 .data          0x00000000        0x0 TimerFunc.o
 .bss           0x00000000        0x0 TimerFunc.o
 .text          0x00000000        0x0 UART.o
 .data          0x00000000        0x0 UART.o
 .bss           0x00000000        0x0 UART.o
 .text          0x00000000        0x0 UART_Apps.o
 .data          0x00000000        0x0 UART_Apps.o
 .bss           0x00000000        0x0 UART_Apps.o
 .text          0x00000000        0x0 d:/softwares/atml studio/7.0/toolchain/avr8/avr8-gnu-toolchain/bin/../lib/gcc/avr/5.4.0/../../../../avr/lib/avr5\libm.a(addsf3.o)
 .data          0x00000000        0x0 d:/softwares/atml studio/7.0/toolchain/avr8/avr8-gnu-toolchain/bin/../lib/gcc/avr/5.4.0/../../../../avr/lib/avr5\libm.a(addsf3.o)
 .bss           0x00000000        0x0 d:/softwares/atml studio/7.0/toolchain/avr8/avr8-gnu-toolchain/bin/../lib/gcc/avr/5.4.0/../../../../avr/lib/avr5\libm.a(addsf3.o)
 .text.avr-libc.fplib
                0x00000000        0xe d:/softwares/atml studio/7.0/toolchain/avr8/avr8-gnu-toolchain/bin/../lib/gcc/avr/5.4.0/../../../../avr/lib/avr5\libm.a(addsf3.o)
 .text          0x00000000        0x0 d:/softwares/atml studio/7.0/toolchain/avr8/avr8-gnu-toolchain/bin/../lib/gcc/avr/5.4.0/../../../../avr/lib/avr5\libm.a(addsf3x.o)
 .data          0x00000000        0x0 d:/softwares/atml studio/7.0/toolchain/avr8/avr8-gnu-toolchain/bin/../lib/gcc/avr/5.4.0/../../../../avr/lib/avr5\libm.a(addsf3x.o)
 .bss           0x00000000        0x0 d:/softwares/atml studio/7.0/toolchain/avr8/avr8-gnu-toolchain/bin/../lib/gcc/avr/5.4.0/../../../../avr/lib/avr5\libm.a(addsf3x.o)
 .text.avr-libc.fplib
                0x00000000       0xcc d:/softwares/atml studio/7.0/toolchain/avr8/avr8-gnu-toolchain/bin/../lib/gcc/avr/5.4.0/../../../../avr/lib/avr5\libm.a(addsf3x.o)
 .text          0x00000000        0x0 d:/softwares/atml studio/7.0/toolchain/avr8/avr8-gnu-toolchain/bin/../lib/gcc/avr/5.4.0/../../../../avr/lib/avr5\libm.a(fixunssfsi.o)
 .data          0x00000000        0x0 d:/softwares/atml studio/7.0/toolchain/avr8/avr8-gnu-toolchain/bin/../lib/gcc/avr/5.4.0/../../../../avr/lib/avr5\libm.a(fixunssfsi.o)
 .bss           0x00000000        0x0 d:/softwares/atml studio/7.0/toolchain/avr8/avr8-gnu-toolchain/bin/../lib/gcc/avr/5.4.0/../../../../avr/lib/avr5\libm.a(fixunssfsi.o)
 .text.avr-libc.fplib
                0x00000000       0x5e d:/softwares/atml studio/7.0/toolchain/avr8/avr8-gnu-toolchain/bin/../lib/gcc/avr/5.4.0/../../../../avr/lib/avr5\libm.a(fixunssfsi.o)
 .text          0x00000000        0x0 d:/softwares/atml studio/7.0/toolchain/avr8/avr8-gnu-toolchain/bin/../lib/gcc/avr/5.4.0/../../../../avr/lib/avr5\libm.a(floatsisf.o)
 .data          0x00000000        0x0 d:/softwares/atml studio/7.0/toolchain/avr8/avr8-gnu-toolchain/bin/../lib/gcc/avr/5.4.0/../../../../avr/lib/avr5\libm.a(floatsisf.o)
 .bss           0x00000000        0x0 d:/softwares/atml studio/7.0/toolchain/avr8/avr8-gnu-toolchain/bin/../lib/gcc/avr/5.4.0/../../../../avr/lib/avr5\libm.a(floatsisf.o)
 .text.avr-libc.fplib
                0x00000000       0x7a d:/softwares/atml studio/7.0/toolchain/avr8/avr8-gnu-toolchain/bin/../lib/gcc/avr/5.4.0/../../../../avr/lib/avr5\libm.a(floatsisf.o)
 .text          0x00000000        0x0 d:/softwares/atml studio/7.0/toolchain/avr8/avr8-gnu-toolchain/bin/../lib/gcc/avr/5.4.0/../../../../avr/lib/avr5\libm.a(fp_inf.o)
 .data          0x00000000        0x0 d:/softwares/atml studio/7.0/toolchain/avr8/avr8-gnu-toolchain/bin/../lib/gcc/avr/5.4.0/../../../../avr/lib/avr5\libm.a(fp_inf.o)
 .bss           0x00000000        0x0 d:/softwares/atml studio/7.0/toolchain/avr8/avr8-gnu-toolchain/bin/../lib/gcc/avr/5.4.0/../../../../avr/lib/avr5\libm.a(fp_inf.o)
 .text.avr-libc.fplib
                0x00000000        0xc d:/softwares/atml studio/7.0/toolchain/avr8/avr8-gnu-toolchain/bin/../lib/gcc/avr/5.4.0/../../../../avr/lib/avr5\libm.a(fp_inf.o)
 .text          0x00000000        0x0 d:/softwares/atml studio/7.0/toolchain/avr8/avr8-gnu-toolchain/bin/../lib/gcc/avr/5.4.0/../../../../avr/lib/avr5\libm.a(fp_nan.o)
 .data          0x00000000        0x0 d:/softwares/atml studio/7.0/toolchain/avr8/avr8-gnu-toolchain/bin/../lib/gcc/avr/5.4.0/../../../../avr/lib/avr5\libm.a(fp_nan.o)
 .bss           0x00000000        0x0 d:/softwares/atml studio/7.0/toolchain/avr8/avr8-gnu-toolchain/bin/../lib/gcc/avr/5.4.0/../../../../avr/lib/avr5\libm.a(fp_nan.o)
 .text.avr-libc.fplib
                0x00000000        0x6 d:/softwares/atml studio/7.0/toolchain/avr8/avr8-gnu-toolchain/bin/../lib/gcc/avr/5.4.0/../../../../avr/lib/avr5\libm.a(fp_nan.o)
 .text          0x00000000        0x0 d:/softwares/atml studio/7.0/toolchain/avr8/avr8-gnu-toolchain/bin/../lib/gcc/avr/5.4.0/../../../../avr/lib/avr5\libm.a(fp_pscA.o)
 .data          0x00000000        0x0 d:/softwares/atml studio/7.0/toolchain/avr8/avr8-gnu-toolchain/bin/../lib/gcc/avr/5.4.0/../../../../avr/lib/avr5\libm.a(fp_pscA.o)
 .bss           0x00000000        0x0 d:/softwares/atml studio/7.0/toolchain/avr8/avr8-gnu-toolchain/bin/../lib/gcc/avr/5.4.0/../../../../avr/lib/avr5\libm.a(fp_pscA.o)
 .text.avr-libc.fplib
                0x00000000        0xe d:/softwares/atml studio/7.0/toolchain/avr8/avr8-gnu-toolchain/bin/../lib/gcc/avr/5.4.0/../../../../avr/lib/avr5\libm.a(fp_pscA.o)
 .text          0x00000000        0x0 d:/softwares/atml studio/7.0/toolchain/avr8/avr8-gnu-toolchain/bin/../lib/gcc/avr/5.4.0/../../../../avr/lib/avr5\libm.a(fp_pscB.o)
 .data          0x00000000        0x0 d:/softwares/atml studio/7.0/toolchain/avr8/avr8-gnu-toolchain/bin/../lib/gcc/avr/5.4.0/../../../../avr/lib/avr5\libm.a(fp_pscB.o)
 .bss           0x00000000        0x0 d:/softwares/atml studio/7.0/toolchain/avr8/avr8-gnu-toolchain/bin/../lib/gcc/avr/5.4.0/../../../../avr/lib/avr5\libm.a(fp_pscB.o)
 .text.avr-libc.fplib
                0x00000000        0xe d:/softwares/atml studio/7.0/toolchain/avr8/avr8-gnu-toolchain/bin/../lib/gcc/avr/5.4.0/../../../../avr/lib/avr5\libm.a(fp_pscB.o)
 .text          0x00000000        0x0 d:/softwares/atml studio/7.0/toolchain/avr8/avr8-gnu-toolchain/bin/../lib/gcc/avr/5.4.0/../../../../avr/lib/avr5\libm.a(fp_round.o)
 .data          0x00000000        0x0 d:/softwares/atml studio/7.0/toolchain/avr8/avr8-gnu-toolchain/bin/../lib/gcc/avr/5.4.0/../../../../avr/lib/avr5\libm.a(fp_round.o)
 .bss           0x00000000        0x0 d:/softwares/atml studio/7.0/toolchain/avr8/avr8-gnu-toolchain/bin/../lib/gcc/avr/5.4.0/../../../../avr/lib/avr5\libm.a(fp_round.o)
 .text.avr-libc.fplib
                0x00000000       0x22 d:/softwares/atml studio/7.0/toolchain/avr8/avr8-gnu-toolchain/bin/../lib/gcc/avr/5.4.0/../../../../avr/lib/avr5\libm.a(fp_round.o)
 .text          0x00000000        0x0 d:/softwares/atml studio/7.0/toolchain/avr8/avr8-gnu-toolchain/bin/../lib/gcc/avr/5.4.0/../../../../avr/lib/avr5\libm.a(fp_split3.o)
 .data          0x00000000        0x0 d:/softwares/atml studio/7.0/toolchain/avr8/avr8-gnu-toolchain/bin/../lib/gcc/avr/5.4.0/../../../../avr/lib/avr5\libm.a(fp_split3.o)
 .bss           0x00000000        0x0 d:/softwares/atml studio/7.0/toolchain/avr8/avr8-gnu-toolchain/bin/../lib/gcc/avr/5.4.0/../../../../avr/lib/avr5\libm.a(fp_split3.o)
 .text.avr-libc.fplib
                0x00000000       0x44 d:/softwares/atml studio/7.0/toolchain/avr8/avr8-gnu-toolchain/bin/../lib/gcc/avr/5.4.0/../../../../avr/lib/avr5\libm.a(fp_split3.o)
 .text          0x00000000        0x0 d:/softwares/atml studio/7.0/toolchain/avr8/avr8-gnu-toolchain/bin/../lib/gcc/avr/5.4.0/../../../../avr/lib/avr5\libm.a(fp_zero.o)
 .data          0x00000000        0x0 d:/softwares/atml studio/7.0/toolchain/avr8/avr8-gnu-toolchain/bin/../lib/gcc/avr/5.4.0/../../../../avr/lib/avr5\libm.a(fp_zero.o)
 .bss           0x00000000        0x0 d:/softwares/atml studio/7.0/toolchain/avr8/avr8-gnu-toolchain/bin/../lib/gcc/avr/5.4.0/../../../../avr/lib/avr5\libm.a(fp_zero.o)
 .text.avr-libc.fplib
                0x00000000        0xe d:/softwares/atml studio/7.0/toolchain/avr8/avr8-gnu-toolchain/bin/../lib/gcc/avr/5.4.0/../../../../avr/lib/avr5\libm.a(fp_zero.o)
 .text          0x00000000        0x0 d:/softwares/atml studio/7.0/toolchain/avr8/avr8-gnu-toolchain/bin/../lib/gcc/avr/5.4.0/../../../../avr/lib/avr5\libm.a(mulsf3.o)
 .data          0x00000000        0x0 d:/softwares/atml studio/7.0/toolchain/avr8/avr8-gnu-toolchain/bin/../lib/gcc/avr/5.4.0/../../../../avr/lib/avr5\libm.a(mulsf3.o)
 .bss           0x00000000        0x0 d:/softwares/atml studio/7.0/toolchain/avr8/avr8-gnu-toolchain/bin/../lib/gcc/avr/5.4.0/../../../../avr/lib/avr5\libm.a(mulsf3.o)
 .text.avr-libc.fplib
                0x00000000        0x8 d:/softwares/atml studio/7.0/toolchain/avr8/avr8-gnu-toolchain/bin/../lib/gcc/avr/5.4.0/../../../../avr/lib/avr5\libm.a(mulsf3.o)
 .text          0x00000000        0x0 d:/softwares/atml studio/7.0/toolchain/avr8/avr8-gnu-toolchain/bin/../lib/gcc/avr/5.4.0/../../../../avr/lib/avr5\libm.a(mulsf3x.o)
 .data          0x00000000        0x0 d:/softwares/atml studio/7.0/toolchain/avr8/avr8-gnu-toolchain/bin/../lib/gcc/avr/5.4.0/../../../../avr/lib/avr5\libm.a(mulsf3x.o)
 .bss           0x00000000        0x0 d:/softwares/atml studio/7.0/toolchain/avr8/avr8-gnu-toolchain/bin/../lib/gcc/avr/5.4.0/../../../../avr/lib/avr5\libm.a(mulsf3x.o)
 .text.avr-libc.fplib
                0x00000000       0xd2 d:/softwares/atml studio/7.0/toolchain/avr8/avr8-gnu-toolchain/bin/../lib/gcc/avr/5.4.0/../../../../avr/lib/avr5\libm.a(mulsf3x.o)
 .text          0x00000000        0x0 d:/softwares/atml studio/7.0/toolchain/avr8/avr8-gnu-toolchain/bin/../lib/gcc/avr/5.4.0/avr5\libgcc.a(_divmodhi4.o)
 .data          0x00000000        0x0 d:/softwares/atml studio/7.0/toolchain/avr8/avr8-gnu-toolchain/bin/../lib/gcc/avr/5.4.0/avr5\libgcc.a(_divmodhi4.o)
 .bss           0x00000000        0x0 d:/softwares/atml studio/7.0/toolchain/avr8/avr8-gnu-toolchain/bin/../lib/gcc/avr/5.4.0/avr5\libgcc.a(_divmodhi4.o)
 .text.libgcc.mul
                0x00000000        0x0 d:/softwares/atml studio/7.0/toolchain/avr8/avr8-gnu-toolchain/bin/../lib/gcc/avr/5.4.0/avr5\libgcc.a(_divmodhi4.o)
 .text.libgcc.div
                0x00000000       0x28 d:/softwares/atml studio/7.0/toolchain/avr8/avr8-gnu-toolchain/bin/../lib/gcc/avr/5.4.0/avr5\libgcc.a(_divmodhi4.o)
 .text.libgcc   0x00000000        0x0 d:/softwares/atml studio/7.0/toolchain/avr8/avr8-gnu-toolchain/bin/../lib/gcc/avr/5.4.0/avr5\libgcc.a(_divmodhi4.o)
 .text.libgcc.prologue
                0x00000000        0x0 d:/softwares/atml studio/7.0/toolchain/avr8/avr8-gnu-toolchain/bin/../lib/gcc/avr/5.4.0/avr5\libgcc.a(_divmodhi4.o)
 .text.libgcc.builtins
                0x00000000        0x0 d:/softwares/atml studio/7.0/toolchain/avr8/avr8-gnu-toolchain/bin/../lib/gcc/avr/5.4.0/avr5\libgcc.a(_divmodhi4.o)
 .text.libgcc.fmul
                0x00000000        0x0 d:/softwares/atml studio/7.0/toolchain/avr8/avr8-gnu-toolchain/bin/../lib/gcc/avr/5.4.0/avr5\libgcc.a(_divmodhi4.o)
 .text.libgcc.fixed
                0x00000000        0x0 d:/softwares/atml studio/7.0/toolchain/avr8/avr8-gnu-toolchain/bin/../lib/gcc/avr/5.4.0/avr5\libgcc.a(_divmodhi4.o)
 .text          0x00000000        0x0 d:/softwares/atml studio/7.0/toolchain/avr8/avr8-gnu-toolchain/bin/../lib/gcc/avr/5.4.0/avr5\libgcc.a(_udivmodsi4.o)
 .data          0x00000000        0x0 d:/softwares/atml studio/7.0/toolchain/avr8/avr8-gnu-toolchain/bin/../lib/gcc/avr/5.4.0/avr5\libgcc.a(_udivmodsi4.o)
 .bss           0x00000000        0x0 d:/softwares/atml studio/7.0/toolchain/avr8/avr8-gnu-toolchain/bin/../lib/gcc/avr/5.4.0/avr5\libgcc.a(_udivmodsi4.o)
 .text.libgcc.mul
                0x00000000        0x0 d:/softwares/atml studio/7.0/toolchain/avr8/avr8-gnu-toolchain/bin/../lib/gcc/avr/5.4.0/avr5\libgcc.a(_udivmodsi4.o)
 .text.libgcc.div
                0x00000000       0x44 d:/softwares/atml studio/7.0/toolchain/avr8/avr8-gnu-toolchain/bin/../lib/gcc/avr/5.4.0/avr5\libgcc.a(_udivmodsi4.o)
 .text.libgcc   0x00000000        0x0 d:/softwares/atml studio/7.0/toolchain/avr8/avr8-gnu-toolchain/bin/../lib/gcc/avr/5.4.0/avr5\libgcc.a(_udivmodsi4.o)
 .text.libgcc.prologue
                0x00000000        0x0 d:/softwares/atml studio/7.0/toolchain/avr8/avr8-gnu-toolchain/bin/../lib/gcc/avr/5.4.0/avr5\libgcc.a(_udivmodsi4.o)
 .text.libgcc.builtins
                0x00000000        0x0 d:/softwares/atml studio/7.0/toolchain/avr8/avr8-gnu-toolchain/bin/../lib/gcc/avr/5.4.0/avr5\libgcc.a(_udivmodsi4.o)
 .text.libgcc.fmul
                0x00000000        0x0 d:/softwares/atml studio/7.0/toolchain/avr8/avr8-gnu-toolchain/bin/../lib/gcc/avr/5.4.0/avr5\libgcc.a(_udivmodsi4.o)
 .text.libgcc.fixed
                0x00000000        0x0 d:/softwares/atml studio/7.0/toolchain/avr8/avr8-gnu-toolchain/bin/../lib/gcc/avr/5.4.0/avr5\libgcc.a(_udivmodsi4.o)
 .text          0x00000000        0x0 d:/softwares/atml studio/7.0/toolchain/avr8/avr8-gnu-toolchain/bin/../lib/gcc/avr/5.4.0/avr5\libgcc.a(_exit.o)
 .data          0x00000000        0x0 d:/softwares/atml studio/7.0/toolchain/avr8/avr8-gnu-toolchain/bin/../lib/gcc/avr/5.4.0/avr5\libgcc.a(_exit.o)
 .bss           0x00000000        0x0 d:/softwares/atml studio/7.0/toolchain/avr8/avr8-gnu-toolchain/bin/../lib/gcc/avr/5.4.0/avr5\libgcc.a(_exit.o)
 .text.libgcc.mul
                0x00000000        0x0 d:/softwares/atml studio/7.0/toolchain/avr8/avr8-gnu-toolchain/bin/../lib/gcc/avr/5.4.0/avr5\libgcc.a(_exit.o)
 .text.libgcc.div
                0x00000000        0x0 d:/softwares/atml studio/7.0/toolchain/avr8/avr8-gnu-toolchain/bin/../lib/gcc/avr/5.4.0/avr5\libgcc.a(_exit.o)
 .text.libgcc   0x00000000        0x0 d:/softwares/atml studio/7.0/toolchain/avr8/avr8-gnu-toolchain/bin/../lib/gcc/avr/5.4.0/avr5\libgcc.a(_exit.o)
 .text.libgcc.prologue
                0x00000000        0x0 d:/softwares/atml studio/7.0/toolchain/avr8/avr8-gnu-toolchain/bin/../lib/gcc/avr/5.4.0/avr5\libgcc.a(_exit.o)
 .text.libgcc.builtins
                0x00000000        0x0 d:/softwares/atml studio/7.0/toolchain/avr8/avr8-gnu-toolchain/bin/../lib/gcc/avr/5.4.0/avr5\libgcc.a(_exit.o)
 .text.libgcc.fmul
                0x00000000        0x0 d:/softwares/atml studio/7.0/toolchain/avr8/avr8-gnu-toolchain/bin/../lib/gcc/avr/5.4.0/avr5\libgcc.a(_exit.o)
 .text.libgcc.fixed
                0x00000000        0x0 d:/softwares/atml studio/7.0/toolchain/avr8/avr8-gnu-toolchain/bin/../lib/gcc/avr/5.4.0/avr5\libgcc.a(_exit.o)
 .text          0x00000000        0x0 d:/softwares/atml studio/7.0/toolchain/avr8/avr8-gnu-toolchain/bin/../lib/gcc/avr/5.4.0/avr5\libgcc.a(_copy_data.o)
 .data          0x00000000        0x0 d:/softwares/atml studio/7.0/toolchain/avr8/avr8-gnu-toolchain/bin/../lib/gcc/avr/5.4.0/avr5\libgcc.a(_copy_data.o)
 .bss           0x00000000        0x0 d:/softwares/atml studio/7.0/toolchain/avr8/avr8-gnu-toolchain/bin/../lib/gcc/avr/5.4.0/avr5\libgcc.a(_copy_data.o)
 .text.libgcc.mul
                0x00000000        0x0 d:/softwares/atml studio/7.0/toolchain/avr8/avr8-gnu-toolchain/bin/../lib/gcc/avr/5.4.0/avr5\libgcc.a(_copy_data.o)
 .text.libgcc.div
                0x00000000        0x0 d:/softwares/atml studio/7.0/toolchain/avr8/avr8-gnu-toolchain/bin/../lib/gcc/avr/5.4.0/avr5\libgcc.a(_copy_data.o)
 .text.libgcc   0x00000000        0x0 d:/softwares/atml studio/7.0/toolchain/avr8/avr8-gnu-toolchain/bin/../lib/gcc/avr/5.4.0/avr5\libgcc.a(_copy_data.o)
 .text.libgcc.prologue
                0x00000000        0x0 d:/softwares/atml studio/7.0/toolchain/avr8/avr8-gnu-toolchain/bin/../lib/gcc/avr/5.4.0/avr5\libgcc.a(_copy_data.o)
 .text.libgcc.builtins
                0x00000000        0x0 d:/softwares/atml studio/7.0/toolchain/avr8/avr8-gnu-toolchain/bin/../lib/gcc/avr/5.4.0/avr5\libgcc.a(_copy_data.o)
 .text.libgcc.fmul
                0x00000000        0x0 d:/softwares/atml studio/7.0/toolchain/avr8/avr8-gnu-toolchain/bin/../lib/gcc/avr/5.4.0/avr5\libgcc.a(_copy_data.o)
 .text.libgcc.fixed
                0x00000000        0x0 d:/softwares/atml studio/7.0/toolchain/avr8/avr8-gnu-toolchain/bin/../lib/gcc/avr/5.4.0/avr5\libgcc.a(_copy_data.o)
 .text          0x00000000        0x0 d:/softwares/atml studio/7.0/toolchain/avr8/avr8-gnu-toolchain/bin/../lib/gcc/avr/5.4.0/avr5\libgcc.a(_clear_bss.o)
 .data          0x00000000        0x0 d:/softwares/atml studio/7.0/toolchain/avr8/avr8-gnu-toolchain/bin/../lib/gcc/avr/5.4.0/avr5\libgcc.a(_clear_bss.o)
 .bss           0x00000000        0x0 d:/softwares/atml studio/7.0/toolchain/avr8/avr8-gnu-toolchain/bin/../lib/gcc/avr/5.4.0/avr5\libgcc.a(_clear_bss.o)
 .text.libgcc.mul
                0x00000000        0x0 d:/softwares/atml studio/7.0/toolchain/avr8/avr8-gnu-toolchain/bin/../lib/gcc/avr/5.4.0/avr5\libgcc.a(_clear_bss.o)
 .text.libgcc.div
                0x00000000        0x0 d:/softwares/atml studio/7.0/toolchain/avr8/avr8-gnu-toolchain/bin/../lib/gcc/avr/5.4.0/avr5\libgcc.a(_clear_bss.o)
 .text.libgcc   0x00000000        0x0 d:/softwares/atml studio/7.0/toolchain/avr8/avr8-gnu-toolchain/bin/../lib/gcc/avr/5.4.0/avr5\libgcc.a(_clear_bss.o)
 .text.libgcc.prologue
                0x00000000        0x0 d:/softwares/atml studio/7.0/toolchain/avr8/avr8-gnu-toolchain/bin/../lib/gcc/avr/5.4.0/avr5\libgcc.a(_clear_bss.o)
 .text.libgcc.builtins
                0x00000000        0x0 d:/softwares/atml studio/7.0/toolchain/avr8/avr8-gnu-toolchain/bin/../lib/gcc/avr/5.4.0/avr5\libgcc.a(_clear_bss.o)
 .text.libgcc.fmul
                0x00000000        0x0 d:/softwares/atml studio/7.0/toolchain/avr8/avr8-gnu-toolchain/bin/../lib/gcc/avr/5.4.0/avr5\libgcc.a(_clear_bss.o)
 .text.libgcc.fixed
                0x00000000        0x0 d:/softwares/atml studio/7.0/toolchain/avr8/avr8-gnu-toolchain/bin/../lib/gcc/avr/5.4.0/avr5\libgcc.a(_clear_bss.o)
 .text          0x00000000        0x0 d:/softwares/atml studio/7.0/toolchain/avr8/avr8-gnu-toolchain/bin/../lib/gcc/avr/5.4.0/avr5\libgcc.a(_udivmodhi4.o)
 .data          0x00000000        0x0 d:/softwares/atml studio/7.0/toolchain/avr8/avr8-gnu-toolchain/bin/../lib/gcc/avr/5.4.0/avr5\libgcc.a(_udivmodhi4.o)
 .bss           0x00000000        0x0 d:/softwares/atml studio/7.0/toolchain/avr8/avr8-gnu-toolchain/bin/../lib/gcc/avr/5.4.0/avr5\libgcc.a(_udivmodhi4.o)
 .text.libgcc.mul
                0x00000000        0x0 d:/softwares/atml studio/7.0/toolchain/avr8/avr8-gnu-toolchain/bin/../lib/gcc/avr/5.4.0/avr5\libgcc.a(_udivmodhi4.o)
 .text.libgcc.div
                0x00000000       0x28 d:/softwares/atml studio/7.0/toolchain/avr8/avr8-gnu-toolchain/bin/../lib/gcc/avr/5.4.0/avr5\libgcc.a(_udivmodhi4.o)
 .text.libgcc   0x00000000        0x0 d:/softwares/atml studio/7.0/toolchain/avr8/avr8-gnu-toolchain/bin/../lib/gcc/avr/5.4.0/avr5\libgcc.a(_udivmodhi4.o)
 .text.libgcc.prologue
                0x00000000        0x0 d:/softwares/atml studio/7.0/toolchain/avr8/avr8-gnu-toolchain/bin/../lib/gcc/avr/5.4.0/avr5\libgcc.a(_udivmodhi4.o)
 .text.libgcc.builtins
                0x00000000        0x0 d:/softwares/atml studio/7.0/toolchain/avr8/avr8-gnu-toolchain/bin/../lib/gcc/avr/5.4.0/avr5\libgcc.a(_udivmodhi4.o)
 .text.libgcc.fmul
                0x00000000        0x0 d:/softwares/atml studio/7.0/toolchain/avr8/avr8-gnu-toolchain/bin/../lib/gcc/avr/5.4.0/avr5\libgcc.a(_udivmodhi4.o)
 .text.libgcc.fixed
                0x00000000        0x0 d:/softwares/atml studio/7.0/toolchain/avr8/avr8-gnu-toolchain/bin/../lib/gcc/avr/5.4.0/avr5\libgcc.a(_udivmodhi4.o)

Memory Configuration

Name             Origin             Length             Attributes
text             0x00000000         0x00020000         xr
data             0x00800060         0x0000ffa0         rw !x
eeprom           0x00810000         0x00010000         rw !x
fuse             0x00820000         0x00000002         rw !x
lock             0x00830000         0x00000400         rw !x
signature        0x00840000         0x00000400         rw !x
user_signatures  0x00850000         0x00000400         rw !x
*default*        0x00000000         0xffffffff

Linker script and memory map

LOAD D:/Softwares/ATML Studio/7.0/Packs/atmel/ATmega_DFP/1.2.209/gcc/dev/atmega32/avr5/crtatmega32.o
LOAD AC.o
LOAD ADC.o
LOAD App.o
LOAD EEPROM.o
LOAD EEPROM_Apps.o
LOAD I2C_Master.o
LOAD Interrupt_Start.o
LOAD Keypad.o
LOAD LCD.o
LOAD LCD_Apps.o
LOAD LED_Dimmer_Buzzer_Alarm.o
LOAD main.o
LOAD Sensor_ON.o
LOAD Servo.o
LOAD TimerFunc.o
LOAD UART.o
LOAD UART_Apps.o
START GROUP
LOAD d:/softwares/atml studio/7.0/toolchain/avr8/avr8-gnu-toolchain/bin/../lib/gcc/avr/5.4.0/../../../../avr/lib/avr5\libm.a
END GROUP
START GROUP
LOAD d:/softwares/atml studio/7.0/toolchain/avr8/avr8-gnu-toolchain/bin/../lib/gcc/avr/5.4.0/avr5\libgcc.a
LOAD d:/softwares/atml studio/7.0/toolchain/avr8/avr8-gnu-toolchain/bin/../lib/gcc/avr/5.4.0/../../../../avr/lib/avr5\libm.a
LOAD d:/softwares/atml studio/7.0/toolchain/avr8/avr8-gnu-toolchain/bin/../lib/gcc/avr/5.4.0/../../../../avr/lib/avr5\libc.a
LOAD D:/Softwares/ATML Studio/7.0/Packs/atmel/ATmega_DFP/1.2.209/gcc/dev/atmega32/avr5\libatmega32.a
END GROUP
                0x00000000                __TEXT_REGION_ORIGIN__ = DEFINED (__TEXT_REGION_ORIGIN__)?__TEXT_REGION_ORIGIN__:0x0
                0x00800060                __DATA_REGION_ORIGIN__ = DEFINED (__DATA_REGION_ORIGIN__)?__DATA_REGION_ORIGIN__:0x800060
                0x00020000                __TEXT_REGION_LENGTH__ = DEFINED (__TEXT_REGION_LENGTH__)?__TEXT_REGION_LENGTH__:0x20000
                0x0000ffa0                __DATA_REGION_LENGTH__ = DEFINED (__DATA_REGION_LENGTH__)?__DATA_REGION_LENGTH__:0xffa0
                0x00010000                __EEPROM_REGION_LENGTH__ = DEFINED (__EEPROM_REGION_LENGTH__)?__EEPROM_REGION_LENGTH__:0x10000
                [0x00000002]                __FUSE_REGION_LENGTH__ = DEFINED (__FUSE_REGION_LENGTH__)?__FUSE_REGION_LENGTH__:0x400
                0x00000400                __LOCK_REGION_LENGTH__ = DEFINED (__LOCK_REGION_LENGTH__)?__LOCK_REGION_LENGTH__:0x400
                0x00000400                __SIGNATURE_REGION_LENGTH__ = DEFINED (__SIGNATURE_REGION_LENGTH__)?__SIGNATURE_REGION_LENGTH__:0x400
                0x00000400                __USER_SIGNATURE_REGION_LENGTH__ = DEFINED (__USER_SIGNATURE_REGION_LENGTH__)?__USER_SIGNATURE_REGION_LENGTH__:0x400

.hash
 *(.hash)

.dynsym
 *(.dynsym)

.dynstr
 *(.dynstr)

.gnu.version
 *(.gnu.version)

.gnu.version_d
 *(.gnu.version_d)

.gnu.version_r
 *(.gnu.version_r)

.rel.init
 *(.rel.init)

.rela.init
 *(.rela.init)

.rel.text
 *(.rel.text)
 *(.rel.text.*)
 *(.rel.gnu.linkonce.t*)

.rela.text
 *(.rela.text)
 *(.rela.text.*)
 *(.rela.gnu.linkonce.t*)

.rel.fini
 *(.rel.fini)

.rela.fini
 *(.rela.fini)

.rel.rodata
 *(.rel.rodata)
 *(.rel.rodata.*)
 *(.rel.gnu.linkonce.r*)

.rela.rodata
 *(.rela.rodata)
 *(.rela.rodata.*)
 *(.rela.gnu.linkonce.r*)

.rel.data
 *(.rel.data)
 *(.rel.data.*)
 *(.rel.gnu.linkonce.d*)

.rela.data
 *(.rela.data)
 *(.rela.data.*)
 *(.rela.gnu.linkonce.d*)

.rel.ctors
 *(.rel.ctors)

.rela.ctors
 *(.rela.ctors)

.rel.dtors
 *(.rel.dtors)

.rela.dtors
 *(.rela.dtors)

.rel.got
 *(.rel.got)

.rela.got
 *(.rela.got)

.rel.bss
 *(.rel.bss)

.rela.bss
 *(.rela.bss)

.rel.plt
 *(.rel.plt)

.rela.plt
 *(.rela.plt)

.text           0x00000000     0x2c02
 *(.vectors)
 .vectors       0x00000000       0x54 D:/Softwares/ATML Studio/7.0/Packs/atmel/ATmega_DFP/1.2.209/gcc/dev/atmega32/avr5/crtatmega32.o
                0x00000000                __vector_default
                0x00000000                __vectors
 *(.vectors)
 *(.progmem.gcc*)
                0x00000054                . = ALIGN (0x2)
                0x00000054                __trampolines_start = .
 *(.trampolines)
 .trampolines   0x00000054        0x0 linker stubs
 *(.trampolines*)
                0x00000054                __trampolines_end = .
 *libprintf_flt.a:*(.progmem.data)
 *libc.a:*(.progmem.data)
 *(.progmem*)
                0x00000054                . = ALIGN (0x2)
 *(.jumptables)
 *(.jumptables*)
 *(.lowtext)
 *(.lowtext*)
                0x00000054                __ctors_start = .
 *(.ctors)
                0x00000054                __ctors_end = .
                0x00000054                __dtors_start = .
 *(.dtors)
                0x00000054                __dtors_end = .
 SORT(*)(.ctors)
 SORT(*)(.dtors)
 *(.init0)
 .init0         0x00000054        0x0 D:/Softwares/ATML Studio/7.0/Packs/atmel/ATmega_DFP/1.2.209/gcc/dev/atmega32/avr5/crtatmega32.o
                0x00000054                __init
 *(.init0)
 *(.init1)
 *(.init1)
 *(.init2)
 .init2         0x00000054        0xc D:/Softwares/ATML Studio/7.0/Packs/atmel/ATmega_DFP/1.2.209/gcc/dev/atmega32/avr5/crtatmega32.o
 *(.init2)
 *(.init3)
 *(.init3)
 *(.init4)
 .init4         0x00000060       0x16 d:/softwares/atml studio/7.0/toolchain/avr8/avr8-gnu-toolchain/bin/../lib/gcc/avr/5.4.0/avr5\libgcc.a(_copy_data.o)
                0x00000060                __do_copy_data
 .init4         0x00000076       0x10 d:/softwares/atml studio/7.0/toolchain/avr8/avr8-gnu-toolchain/bin/../lib/gcc/avr/5.4.0/avr5\libgcc.a(_clear_bss.o)
                0x00000076                __do_clear_bss
 *(.init4)
 *(.init5)
 *(.init5)
 *(.init6)
 *(.init6)
 *(.init7)
 *(.init7)
 *(.init8)
 *(.init8)
 *(.init9)
 .init9         0x00000086        0x8 D:/Softwares/ATML Studio/7.0/Packs/atmel/ATmega_DFP/1.2.209/gcc/dev/atmega32/avr5/crtatmega32.o
 *(.init9)
 *(.text)
 .text          0x0000008e        0x4 D:/Softwares/ATML Studio/7.0/Packs/atmel/ATmega_DFP/1.2.209/gcc/dev/atmega32/avr5/crtatmega32.o
                0x0000008e                __vector_12
                0x0000008e                __bad_interrupt
                0x0000008e                __vector_6
                0x0000008e                __vector_3
                0x0000008e                __vector_11
                0x0000008e                __vector_13
                0x0000008e                __vector_17
                0x0000008e                __vector_19
                0x0000008e                __vector_7
                0x0000008e                __vector_5
                0x0000008e                __vector_4
                0x0000008e                __vector_9
                0x0000008e                __vector_2
                0x0000008e                __vector_15
                0x0000008e                __vector_8
                0x0000008e                __vector_14
                0x0000008e                __vector_10
                0x0000008e                __vector_16
                0x0000008e                __vector_18
                0x0000008e                __vector_20
                0x00000092                . = ALIGN (0x2)
 *(.text.*)
 .text.AC_Initialization
                0x00000092        0x8 AC.o
                0x00000092                AC_Initialization
 .text.AC_Alarm
                0x0000009a        0xc AC.o
                0x0000009a                AC_Alarm
 .text.AC_ON    0x000000a6       0x34 AC.o
                0x000000a6                AC_ON
 .text.ADC_Start
                0x000000da        0xe ADC.o
                0x000000da                ADC_Start
 .text.ADC_READ
                0x000000e8       0x1e ADC.o
                0x000000e8                ADC_READ
 .text.__vector_1
                0x00000106      0x334 App.o
                0x00000106                __vector_1
 .text.App_Initialization
                0x0000043a       0x3a App.o
                0x0000043a                App_Initialization
 .text.App      0x00000474      0x462 App.o
                0x00000474                App
 .text.EEPROM_Initialization
                0x000008d6        0x6 EEPROM.o
                0x000008d6                EEPROM_Initialization
 .text.EEPROM_writeByte
                0x000008dc       0x3a EEPROM.o
                0x000008dc                EEPROM_writeByte
 .text.EEPROM_readByte
                0x00000916       0x42 EEPROM.o
                0x00000916                EEPROM_readByte
 .text.Compare_Passwords
                0x00000958       0x40 EEPROM_Apps.o
                0x00000958                Compare_Passwords
 .text.EEPROM_Save_Main_Admin
                0x00000998       0x3c EEPROM_Apps.o
                0x00000998                EEPROM_Save_Main_Admin
 .text.EEPROM_Write_0_Counters
                0x000009d4       0xc0 EEPROM_Apps.o
                0x000009d4                EEPROM_Write_0_Counters
 .text.I2C_Initialization
                0x00000a94        0x8 I2C_Master.o
                0x00000a94                I2C_Initialization
 .text.I2C_Start
                0x00000a9c       0x3a I2C_Master.o
                0x00000a9c                I2C_Start
 .text.I2C_Repeated_Start
                0x00000ad6       0x3a I2C_Master.o
                0x00000ad6                I2C_Repeated_Start
 .text.I2C_Write
                0x00000b10       0x24 I2C_Master.o
                0x00000b10                I2C_Write
 .text.I2C_Read_Nack
                0x00000b34       0x16 I2C_Master.o
                0x00000b34                I2C_Read_Nack
 .text.I2C_Stop
                0x00000b4a        0xc I2C_Master.o
                0x00000b4a                I2C_Stop
 .text.Interrupt_Start
                0x00000b56       0x18 Interrupt_Start.o
                0x00000b56                Interrupt_Start
 .text.Keypad_Init
                0x00000b6e       0x22 Keypad.o
                0x00000b6e                Keypad_Init
 .text.Keypad_Get_Value
                0x00000b90       0x9a Keypad.o
                0x00000b90                Keypad_Get_Value
 .text.LCD_Send_CMD
                0x00000c2a       0x52 LCD.o
                0x00000c2a                LCD_Send_CMD
 .text.LCD_Init
                0x00000c7c       0x78 LCD.o
                0x00000c7c                LCD_Init
 .text.LCD_Write_Char
                0x00000cf4       0x52 LCD.o
                0x00000cf4                LCD_Write_Char
 .text.LCD_Write_String
                0x00000d46       0x3e LCD.o
                0x00000d46                LCD_Write_String
 .text.LCD_Set_Cursor
                0x00000d84       0x1a LCD.o
                0x00000d84                LCD_Set_Cursor
 .text.LCD_Clear_Screen
                0x00000d9e        0x8 LCD.o
                0x00000d9e                LCD_Clear_Screen
 .text.LCD_Display_LED
                0x00000da6      0x154 LCD_Apps.o
                0x00000da6                LCD_Display_LED
 .text.LCD_Welcome_Message
                0x00000efa       0x2e LCD_Apps.o
                0x00000efa                LCD_Welcome_Message
 .text.LCD_Rooms_Leds_Control
                0x00000f28      0x2da LCD_Apps.o
                0x00000f28                LCD_Rooms_Leds_Control
 .text.LCD_User_Menu
                0x00001202       0x5a LCD_Apps.o
                0x00001202                LCD_User_Menu
 .text.LCD_User_Interfacing
                0x0000125c      0x292 LCD_Apps.o
                0x0000125c                LCD_User_Interfacing
 .text.BUZZER_START
                0x000014ee        0x4 LED_Dimmer_Buzzer_Alarm.o
                0x000014ee                BUZZER_START
 .text.LED_START
                0x000014f2        0xe LED_Dimmer_Buzzer_Alarm.o
                0x000014f2                LED_START
 .text.LED_STAT
                0x00001500       0x58 LED_Dimmer_Buzzer_Alarm.o
                0x00001500                LED_STAT
 .text.Alarm_On
                0x00001558       0x3e LED_Dimmer_Buzzer_Alarm.o
                0x00001558                Alarm_On
 .text.DIMMER_Init
                0x00001596       0x10 LED_Dimmer_Buzzer_Alarm.o
                0x00001596                DIMMER_Init
 .text.DIMMER_CONTROL
                0x000015a6       0x30 LED_Dimmer_Buzzer_Alarm.o
                0x000015a6                DIMMER_CONTROL
 .text.main     0x000015d6       0x16 main.o
                0x000015d6                main
 .text.Sensor_ON
                0x000015ec        0x4 Sensor_ON.o
                0x000015ec                Sensor_ON
 .text.Servo_Initialization
                0x000015f0       0x24 Servo.o
                0x000015f0                Servo_Initialization
 .text.openDoor
                0x00001614        0xa Servo.o
                0x00001614                openDoor
 .text.closeDoor
                0x0000161e        0xa Servo.o
                0x0000161e                closeDoor
 .text.Timer    0x00001628      0x244 TimerFunc.o
                0x00001628                Timer
 .text.UART_Bit_Stops
                0x0000186c        0x8 UART.o
                0x0000186c                UART_Bit_Stops
 .text.UART_Mode_Select
                0x00001874        0x4 UART.o
                0x00001874                UART_Mode_Select
 .text.UART_Init
                0x00001878       0x24 UART.o
                0x00001878                UART_Init
 .text.UART_Transmit
                0x0000189c        0x8 UART.o
                0x0000189c                UART_Transmit
 .text.UART_Receive
                0x000018a4       0x10 UART.o
                0x000018a4                UART_Receive
 .text.UART_Send_String
                0x000018b4       0x2c UART.o
                0x000018b4                UART_Send_String
 .text.UART_Welcome_Message
                0x000018e0       0x28 UART_Apps.o
                0x000018e0                UART_Welcome_Message
 .text.UART_Mode_Choice
                0x00001908       0xba UART_Apps.o
                0x00001908                UART_Mode_Choice
 .text.UART_Rooms_Leds_Control
                0x000019c2      0x25a UART_Apps.o
                0x000019c2                UART_Rooms_Leds_Control
 .text.UART_Admin_Interfacing
                0x00001c1c      0xe0c UART_Apps.o
                0x00001c1c                UART_Admin_Interfacing
 .text.UART_User_Interfacing
                0x00002a28      0x1d6 UART_Apps.o
                0x00002a28                UART_User_Interfacing
                0x00002bfe                . = ALIGN (0x2)
 *(.fini9)
 .fini9         0x00002bfe        0x0 d:/softwares/atml studio/7.0/toolchain/avr8/avr8-gnu-toolchain/bin/../lib/gcc/avr/5.4.0/avr5\libgcc.a(_exit.o)
                0x00002bfe                _exit
                0x00002bfe                exit
 *(.fini9)
 *(.fini8)
 *(.fini8)
 *(.fini7)
 *(.fini7)
 *(.fini6)
 *(.fini6)
 *(.fini5)
 *(.fini5)
 *(.fini4)
 *(.fini4)
 *(.fini3)
 *(.fini3)
 *(.fini2)
 *(.fini2)
 *(.fini1)
 *(.fini1)
 *(.fini0)
 .fini0         0x00002bfe        0x4 d:/softwares/atml studio/7.0/toolchain/avr8/avr8-gnu-toolchain/bin/../lib/gcc/avr/5.4.0/avr5\libgcc.a(_exit.o)
 *(.fini0)
                0x00002c02                _etext = .

.data           0x00800060      0x75c load address 0x00002c02
                0x00800060                PROVIDE (__data_start, .)
 *(.data)
 *(.data*)
 .data.arr      0x00800060       0x10 Keypad.o
                0x00800060                arr
 *(.gnu.linkonce.d*)
 *(.rodata)
 *(.rodata*)
 .rodata.str1.1
                0x00800070       0xac App.o
                                 0xb8 (size before relaxing)
 .rodata.str1.1
                0x0080011c      0x1a2 LCD_Apps.o
                                0x1f3 (size before relaxing)
 .rodata.str1.1
                0x008002be      0x4fd UART_Apps.o
                                0x579 (size before relaxing)
 *(.gnu.linkonce.r*)
                0x008007bc                . = ALIGN (0x2)
 *fill*         0x008007bb        0x1 
                0x008007bc                _edata = .
                0x008007bc                PROVIDE (__data_end, .)

.bss            0x008007bc        0x0
                0x008007bc                PROVIDE (__bss_start, .)
 *(.bss)
 *(.bss*)
 *(COMMON)
                0x008007bc                PROVIDE (__bss_end, .)
                0x00002c02                __data_load_start = LOADADDR (.data)
                0x0000335e                __data_load_end = (__data_load_start + SIZEOF (.data))

.noinit         0x008007bc        0x0
                [!provide]                PROVIDE (__noinit_start, .)
 *(.noinit*)
                [!provide]                PROVIDE (__noinit_end, .)
                0x008007bc                _end = .
                [!provide]                PROVIDE (__heap_start, .)

.eeprom         0x00810000        0x0
 *(.eeprom*)
                0x00810000                __eeprom_end = .

.fuse
 *(.fuse)
 *(.lfuse)
 *(.hfuse)
 *(.efuse)

.lock
 *(.lock*)

.signature
 *(.signature*)

.user_signatures
 *(.user_signatures*)

.stab
 *(.stab)

.stabstr
 *(.stabstr)

.stab.excl
 *(.stab.excl)

.stab.exclstr
 *(.stab.exclstr)

.stab.index
 *(.stab.index)

.stab.indexstr
 *(.stab.indexstr)

.comment        0x00000000       0x30
 *(.comment)
 .comment       0x00000000       0x30 AC.o
                                 0x31 (size before relaxing)
 .comment       0x00000030       0x31 ADC.o
 .comment       0x00000030       0x31 App.o
 .comment       0x00000030       0x31 EEPROM.o
 .comment       0x00000030       0x31 EEPROM_Apps.o
 .comment       0x00000030       0x31 I2C_Master.o
 .comment       0x00000030       0x31 Interrupt_Start.o
 .comment       0x00000030       0x31 Keypad.o
 .comment       0x00000030       0x31 LCD.o
 .comment       0x00000030       0x31 LCD_Apps.o
 .comment       0x00000030       0x31 LED_Dimmer_Buzzer_Alarm.o
 .comment       0x00000030       0x31 main.o
 .comment       0x00000030       0x31 Sensor_ON.o
 .comment       0x00000030       0x31 Servo.o
 .comment       0x00000030       0x31 TimerFunc.o
 .comment       0x00000030       0x31 UART.o
 .comment       0x00000030       0x31 UART_Apps.o

.note.gnu.avr.deviceinfo
                0x00000000       0x3c
 .note.gnu.avr.deviceinfo
                0x00000000       0x3c D:/Softwares/ATML Studio/7.0/Packs/atmel/ATmega_DFP/1.2.209/gcc/dev/atmega32/avr5/crtatmega32.o

.note.gnu.build-id
 *(.note.gnu.build-id)

.debug
 *(.debug)

.line
 *(.line)

.debug_srcinfo
 *(.debug_srcinfo)

.debug_sfnames
 *(.debug_sfnames)

.debug_aranges  0x00000000      0x390
 *(.debug_aranges)
 .debug_aranges
                0x00000000       0x30 AC.o
 .debug_aranges
                0x00000030       0x28 ADC.o
 .debug_aranges
                0x00000058       0x30 App.o
 .debug_aranges
                0x00000088       0x38 EEPROM.o
 .debug_aranges
                0x000000c0       0x30 EEPROM_Apps.o
 .debug_aranges
                0x000000f0       0x60 I2C_Master.o
 .debug_aranges
                0x00000150       0x20 Interrupt_Start.o
 .debug_aranges
                0x00000170       0x28 Keypad.o
 .debug_aranges
                0x00000198       0x58 LCD.o
 .debug_aranges
                0x000001f0       0x40 LCD_Apps.o
 .debug_aranges
                0x00000230       0x48 LED_Dimmer_Buzzer_Alarm.o
 .debug_aranges
                0x00000278       0x20 main.o
 .debug_aranges
                0x00000298       0x20 Sensor_ON.o
 .debug_aranges
                0x000002b8       0x30 Servo.o
 .debug_aranges
                0x000002e8       0x20 TimerFunc.o
 .debug_aranges
                0x00000308       0x48 UART.o
 .debug_aranges
                0x00000350       0x40 UART_Apps.o

.debug_pubnames
 *(.debug_pubnames)

.debug_info     0x00000000     0x7a0b
 *(.debug_info .gnu.linkonce.wi.*)
 .debug_info    0x00000000      0x4e6 D:/Softwares/ATML Studio/7.0/Packs/atmel/ATmega_DFP/1.2.209/gcc/dev/atmega32/avr5/crtatmega32.o
 .debug_info    0x000004e6       0xdf AC.o
 .debug_info    0x000005c5      0x134 ADC.o
 .debug_info    0x000006f9     0x11e9 App.o
 .debug_info    0x000018e2      0x41f EEPROM.o
 .debug_info    0x00001d01      0x46b EEPROM_Apps.o
 .debug_info    0x0000216c      0x217 I2C_Master.o
 .debug_info    0x00002383       0x82 Interrupt_Start.o
 .debug_info    0x00002405      0x110 Keypad.o
 .debug_info    0x00002515      0x6b8 LCD.o
 .debug_info    0x00002bcd     0x168b LCD_Apps.o
 .debug_info    0x00004258      0x1db LED_Dimmer_Buzzer_Alarm.o
 .debug_info    0x00004433       0xf0 main.o
 .debug_info    0x00004523       0x82 Sensor_ON.o
 .debug_info    0x000045a5       0xea Servo.o
 .debug_info    0x0000468f       0xc5 TimerFunc.o
 .debug_info    0x00004754      0x199 UART.o
 .debug_info    0x000048ed     0x311e UART_Apps.o

.debug_abbrev   0x00000000     0x15b8
 *(.debug_abbrev)
 .debug_abbrev  0x00000000      0x4a3 D:/Softwares/ATML Studio/7.0/Packs/atmel/ATmega_DFP/1.2.209/gcc/dev/atmega32/avr5/crtatmega32.o
 .debug_abbrev  0x000004a3       0x93 AC.o
 .debug_abbrev  0x00000536       0xe0 ADC.o
 .debug_abbrev  0x00000616      0x1cf App.o
 .debug_abbrev  0x000007e5      0x123 EEPROM.o
 .debug_abbrev  0x00000908      0x150 EEPROM_Apps.o
 .debug_abbrev  0x00000a58       0xca I2C_Master.o
 .debug_abbrev  0x00000b22       0x4f Interrupt_Start.o
 .debug_abbrev  0x00000b71       0xbc Keypad.o
 .debug_abbrev  0x00000c2d      0x1b3 LCD.o
 .debug_abbrev  0x00000de0      0x1e7 LCD_Apps.o
 .debug_abbrev  0x00000fc7      0x152 LED_Dimmer_Buzzer_Alarm.o
 .debug_abbrev  0x00001119       0x7a main.o
 .debug_abbrev  0x00001193       0x4f Sensor_ON.o
 .debug_abbrev  0x000011e2       0x90 Servo.o
 .debug_abbrev  0x00001272       0x80 TimerFunc.o
 .debug_abbrev  0x000012f2      0x111 UART.o
 .debug_abbrev  0x00001403      0x1b5 UART_Apps.o

.debug_line     0x00000000     0x39f7
 *(.debug_line .debug_line.* .debug_line_end)
 .debug_line    0x00000000      0x115 D:/Softwares/ATML Studio/7.0/Packs/atmel/ATmega_DFP/1.2.209/gcc/dev/atmega32/avr5/crtatmega32.o
 .debug_line    0x00000115      0x11b AC.o
 .debug_line    0x00000230      0x138 ADC.o
 .debug_line    0x00000368      0x73c App.o
 .debug_line    0x00000aa4      0x1e1 EEPROM.o
 .debug_line    0x00000c85      0x226 EEPROM_Apps.o
 .debug_line    0x00000eab      0x3b5 I2C_Master.o
 .debug_line    0x00001260       0xb7 Interrupt_Start.o
 .debug_line    0x00001317      0x14e Keypad.o
 .debug_line    0x00001465      0x3d9 LCD.o
 .debug_line    0x0000183e      0x785 LCD_Apps.o
 .debug_line    0x00001fc3      0x2bd LED_Dimmer_Buzzer_Alarm.o
 .debug_line    0x00002280       0x84 main.o
 .debug_line    0x00002304       0x99 Sensor_ON.o
 .debug_line    0x0000239d       0xe8 Servo.o
 .debug_line    0x00002485      0x2df TimerFunc.o
 .debug_line    0x00002764      0x16f UART.o
 .debug_line    0x000028d3     0x1124 UART_Apps.o

.debug_frame    0x00000000      0x7e0
 *(.debug_frame)
 .debug_frame   0x00000000       0x44 AC.o
 .debug_frame   0x00000044       0x34 ADC.o
 .debug_frame   0x00000078      0x13c App.o
 .debug_frame   0x000001b4       0x90 EEPROM.o
 .debug_frame   0x00000244       0x5c EEPROM_Apps.o
 .debug_frame   0x000002a0       0xa4 I2C_Master.o
 .debug_frame   0x00000344       0x24 Interrupt_Start.o
 .debug_frame   0x00000368       0x48 Keypad.o
 .debug_frame   0x000003b0      0x128 LCD.o
 .debug_frame   0x000004d8       0x80 LCD_Apps.o
 .debug_frame   0x00000558       0x74 LED_Dimmer_Buzzer_Alarm.o
 .debug_frame   0x000005cc       0x24 main.o
 .debug_frame   0x000005f0       0x24 Sensor_ON.o
 .debug_frame   0x00000614       0x44 Servo.o
 .debug_frame   0x00000658       0x24 TimerFunc.o
 .debug_frame   0x0000067c       0x84 UART.o
 .debug_frame   0x00000700       0xe0 UART_Apps.o

.debug_str      0x00000000      0xa7e
 *(.debug_str)
 .debug_str     0x00000000      0x196 D:/Softwares/ATML Studio/7.0/Packs/atmel/ATmega_DFP/1.2.209/gcc/dev/atmega32/avr5/crtatmega32.o
 .debug_str     0x00000196      0x17f AC.o
                                0x1b3 (size before relaxing)
 .debug_str     0x00000315       0x70 ADC.o
                                0x1ec (size before relaxing)
 .debug_str     0x00000385      0x2c6 App.o
                                0x440 (size before relaxing)
 .debug_str     0x0000064b       0xbd EEPROM.o
                                0x29e (size before relaxing)
 .debug_str     0x00000708       0x98 EEPROM_Apps.o
                                0x27d (size before relaxing)
 .debug_str     0x000007a0       0x88 I2C_Master.o
                                0x266 (size before relaxing)
 .debug_str     0x00000828       0x17 Interrupt_Start.o
                                0x19a (size before relaxing)
 .debug_str     0x0000083f        0xe Keypad.o
                                0x1b2 (size before relaxing)
 .debug_str     0x0000084d       0x45 LCD.o
                                0x27a (size before relaxing)
 .debug_str     0x00000892       0xb0 LCD_Apps.o
                                0x307 (size before relaxing)
 .debug_str     0x00000942       0x31 LED_Dimmer_Buzzer_Alarm.o
                                0x23a (size before relaxing)
 .debug_str     0x00000973       0x26 main.o
                                0x1ca (size before relaxing)
 .debug_str     0x00000999       0x11 Sensor_ON.o
                                0x18e (size before relaxing)
 .debug_str     0x000009aa       0x1f Servo.o
                                0x1b7 (size before relaxing)
 .debug_str     0x000009c9       0x24 TimerFunc.o
                                0x1a7 (size before relaxing)
 .debug_str     0x000009ed       0x31 UART.o
                                0x1ef (size before relaxing)
 .debug_str     0x00000a1e       0x60 UART_Apps.o
                                0x402 (size before relaxing)

.debug_loc      0x00000000     0x49ae
 *(.debug_loc)
 .debug_loc     0x00000000       0x24 AC.o
 .debug_loc     0x00000024       0x6b ADC.o
 .debug_loc     0x0000008f      0xdbf App.o
 .debug_loc     0x00000e4e      0x413 EEPROM.o
 .debug_loc     0x00001261      0x408 EEPROM_Apps.o
 .debug_loc     0x00001669      0x30e I2C_Master.o
 .debug_loc     0x00001977       0xc3 Keypad.o
 .debug_loc     0x00001a3a      0x8c4 LCD.o
 .debug_loc     0x000022fe      0xc5c LCD_Apps.o
 .debug_loc     0x00002f5a       0x6c LED_Dimmer_Buzzer_Alarm.o
 .debug_loc     0x00002fc6      0x134 TimerFunc.o
 .debug_loc     0x000030fa       0xc7 UART.o
 .debug_loc     0x000031c1     0x17ed UART_Apps.o

.debug_macinfo
 *(.debug_macinfo)

.debug_weaknames
 *(.debug_weaknames)

.debug_funcnames
 *(.debug_funcnames)

.debug_typenames
 *(.debug_typenames)

.debug_varnames
 *(.debug_varnames)

.debug_pubtypes
 *(.debug_pubtypes)

.debug_ranges   0x00000000      0x328
 *(.debug_ranges)
 .debug_ranges  0x00000000       0x20 AC.o
 .debug_ranges  0x00000020       0x18 ADC.o
 .debug_ranges  0x00000038       0x80 App.o
 .debug_ranges  0x000000b8       0x28 EEPROM.o
 .debug_ranges  0x000000e0       0x20 EEPROM_Apps.o
 .debug_ranges  0x00000100       0x50 I2C_Master.o
 .debug_ranges  0x00000150       0x10 Interrupt_Start.o
 .debug_ranges  0x00000160       0x30 Keypad.o
 .debug_ranges  0x00000190       0x48 LCD.o
 .debug_ranges  0x000001d8       0x30 LCD_Apps.o
 .debug_ranges  0x00000208       0x38 LED_Dimmer_Buzzer_Alarm.o
 .debug_ranges  0x00000240       0x10 main.o
 .debug_ranges  0x00000250       0x10 Sensor_ON.o
 .debug_ranges  0x00000260       0x20 Servo.o
 .debug_ranges  0x00000280       0x10 TimerFunc.o
 .debug_ranges  0x00000290       0x38 UART.o
 .debug_ranges  0x000002c8       0x60 UART_Apps.o

.debug_macro
 *(.debug_macro)
OUTPUT(Smart_Home.elf elf32-avr)
LOAD linker stubs
